
Attaching package: ‘calcofi4db’

The following object is masked from ‘package:stats’:

    dt

Excluded 1 target(s): publish_ichthyo_to_obis
Parsed 24 pipeline workflows:
  bench_erddap_ctd (reference) -> _output/bench_erddap_ctd.html
  ctd_cast_qa_qc_protocol (reference) -> _output/ctd-cast_qa-qc-protocol.html
  deploy_consumers (deploy) -> _output/deploy_consumers.html [deps: test_release]
  ingest_calcofi_bottle (ingest) -> data/parquet/calcofi_bottle/manifest.json [deps: ingest_swfsc_ichthyo]
  ingest_calcofi_ctd_cast (ingest) -> data/parquet/calcofi_ctd-cast/manifest.json [deps: ingest_swfsc_ichthyo]
  ingest_calcofi_dic (ingest) -> data/parquet/calcofi_dic/manifest.json [deps: ingest_calcofi_bottle]
  ingest_calcofi_mets (ingest) -> data/parquet/calcofi_mets/manifest.json [deps: ingest_swfsc_ichthyo]
  ingest_calcofi_phyllosoma (ingest) -> data/parquet/calcofi_phyllosoma/manifest.json [deps: ingest_swfsc_ichthyo]
  ingest_calcofi_phytoplankton (ingest) -> data/parquet/calcofi_phytoplankton/manifest.json [deps: ingest_swfsc_ichthyo]
  ingest_cce_lter_euphausiids (ingest) -> data/parquet/cce-lter_euphausiids/manifest.json [deps: ingest_swfsc_ichthyo]
  ingest_cce_lter_picoplankton_bacteria (ingest) -> data/parquet/cce-lter_picoplankton-bacteria/manifest.json [deps: ingest_swfsc_ichthyo]
  ingest_cce_lter_zoodb (ingest) -> data/parquet/cce-lter_zoodb/manifest.json [deps: ingest_swfsc_ichthyo]
  ingest_cce_lter_zooscan (ingest) -> data/parquet/cce-lter_zooscan/manifest.json [deps: ingest_swfsc_ichthyo]
  ingest_cdfw_dungeness_crab (ingest) -> data/parquet/cdfw_dungeness-crab/manifest.json [deps: ingest_swfsc_ichthyo]
  ingest_farallon_bird_mammal (ingest) -> data/parquet/farallon_bird-mammal/manifest.json [deps: ingest_swfsc_ichthyo]
  ingest_sio_mesopelagic_fish (ingest) -> data/parquet/sio_mesopelagic-fish/manifest.json [deps: ingest_swfsc_ichthyo]
  ingest_sio_pic_zooplankton (ingest) -> data/parquet/sio_pic-zooplankton/manifest.json [deps: ingest_swfsc_ichthyo]
  ingest_spatial (spatial) -> data/parquet/spatial/manifest.json
  ingest_swfsc_cufes (ingest) -> data/parquet/swfsc_cufes/manifest.json [deps: ingest_swfsc_ichthyo]
  ingest_swfsc_ichthyo (ingest) -> data/parquet/swfsc_ichthyo/manifest.json
  publish_to_erddap (publish) -> data/erddap/datasets_calcofi.xml [deps: release_database]
  publish_to_netcdf (publish) -> data/netcdf/publish_plan.csv [deps: release_database]
  release_database (release) -> data/releases [deps: auto]
  test_release (test) -> _output/test_release.html [deps: release_database]
+ ingest_cdfw_dungeness_crab dispatched
[31m

processing file: ingest_cdfw_dungeness-crab.qmd
[39m1/59                     
2/59 [unnamed-chunk-1]   
3/59                     
4/59 [setup]             
5/59                     
6/59 [read-source]       
7/59                     
8/59 [methods-note]      
9/59                     
10/59 [resolve-keys]      
11/59                     
12/59 [match-sites]       
13/59                     
14/59 [build-sample]      
15/59                     
16/59 [build-measurement] 
17/59                     
18/59 [build-carapace]    
19/59                     
20/59 [build-sorting-log] 
21/59                     
22/59 [build-specimen]    
23/59                     
24/59 [enforce-types]     
25/59                     
26/59 [spatial]           
27/59                     
28/59 [meas-types]        
29/59                     
30/59 [emit-core]         
31/59                     
32/59 [core-parity]       
33/59                     
34/59 [compat-views]      
35/59                     
36/59 [schema-core]       
37/59                     
38/59 [source-to-core]    
39/59                     
40/59 [schema]            
41/59                     
42/59 [validate]          
43/59                     
44/59 [preview-sample]    
45/59                     
46/59 [preview-positive]  
47/59                     
48/59 [preview-sorting]   
49/59                     
50/59 [preview-specimen]  
51/59                     
52/59 [provider-questions]
53/59                     
54/59 [outputs]           
55/59                     
56/59 [metadata-gaps]     
57/59                     
58/59 [cleanup]           
59/59                     
[31moutput file: ingest_cdfw_dungeness-crab.knit.md

[39m[1mpandoc [22m
  to: html
  output-file: ingest_cdfw_dungeness-crab.html
  standalone: true
  embed-resources: false
  section-divs: true
  html-math-method: mathjax
  wrap: none
  default-image-extension: png
  toc: true
  toc-depth: 4
  number-sections: true
  variables: {}
  
[1mmetadata[22m
  document-css: false
  link-citations: true
  lang: en
  date: now
  date-format: iso
  editor:
    mode: source
    markdown:
      wrap: 72
    canonical: true
  editor_options:
    chunk_output_type: console
  search: false
  toc-expand: 1
  lightbox: true
  title: Ingest CDFW Dungeness Crab Megalopae
  calcofi:
    target_name: ingest_cdfw_dungeness_crab
    workflow_type: ingest
    dependency:
      - ingest_swfsc_ichthyo
    output: data/parquet/cdfw_dungeness-crab/manifest.json
    provider: cdfw
    dataset: dungeness-crab
    in_release: false
    workflow_url: https://calcofi.io/workflows/ingest_cdfw_dungeness-crab.html
    questions_file: metadata/cdfw/dungeness-crab/questions.csv
    dataset_meta:
      dataset_name: CDFW Dungeness Crab Megalopae
      description: |
        Dungeness crab (Metacarcinus magister) megalopae and larval decapods picked from archived CalCOFI oblique-tow plankton samples, examined for the California Department of Fish and Wildlife. Two efforts: a 2008-2014 time series of 310 sorted samples (A. Klemmedson, 2015) yielding 24 M. magister megalopae from 14 samples, and a 1949-2009 master sorting log of 2,011 archived samples (E. Jones, as of 2012-02-15) recording which had been examined. Spring cruises, CalBOBL oblique tows, lines < 80 / stations < 90. Counts are occurrence in the examined aliquot, not standardized density. Sorting was performed at the SIO Pelagic Invertebrate Collection, where the removed megalopae are archived in vials.
      citation_main: ''
      link_calcofi_org: ''
      link_data_source: ''
      link_others: []
      coverage_temporal: 1949 to 2014
      coverage_spatial: California Current, San Francisco north to Washington
      license: ''
      pi_names: Laura Rogers-Bennett
    tables_owned:
      - table: sample
        shared: true
        note: core event dimension (310 examined subsamples + 2,011 sorting-log tows)
      - table: obs
        shared: true
        note: 'core occurrence headline: counts x 4 resolved taxa, plus 216 zero-valued absences from the sorting log'
      - table: obs_attribute
        shared: true
        note: per-individual M. magister carapace lengths
      - table: sample_measurement
        shared: true
        note: event-level effort (prop_sorted, settled volume)
      - table: taxon
        shared: true
        note: shared taxa reference
      - table: dataset_taxon
        shared: true
        note: raw count label -> taxon_key crosswalk
    erd:
      color: '#f5d5b8'
  
Output created: _output/ingest_cdfw_dungeness-crab.html

✔ ingest_cdfw_dungeness_crab completed [15.6s, 3.96 kB]
✔ ended pipeline [15.7s, 1 completed, 2 skipped]
