[31m

processing file: ingest_cdfw_dungeness-crab.qmd
[39m1/59                     
2/59 [unnamed-chunk-1]   
3/59                     
4/59 [setup]             
5/59                     
6/59 [read-source]       
7/59                     
8/59 [methods-note]      
9/59                     
10/59 [resolve-keys]      
11/59                     
12/59 [match-sites]       
13/59                     
14/59 [build-sample]      
15/59                     
16/59 [build-measurement] 
17/59                     
18/59 [build-carapace]    
19/59                     
20/59 [build-sorting-log] 
21/59                     
22/59 [build-specimen]    
23/59                     
24/59 [enforce-types]     
25/59                     
26/59 [spatial]           
27/59                     
28/59 [meas-types]        
29/59                     
30/59 [emit-core]         
31/59                     
32/59 [core-parity]       
33/59                     
34/59 [compat-views]      
35/59                     
36/59 [schema-core]       
37/59                     
38/59 [source-to-core]    
39/59                     
40/59 [schema]            
41/59                     
42/59 [validate]          
[31mError:
! a declared NULL count has changed — the data moved, so re-derive the reason
Backtrace:
    ▆
 1. └─base::stopifnot(...)
[39m[31m
Quitting from ingest_cdfw_dungeness-crab.qmd:969-1146 [validate]
[39m[31mExecution halted
[39m[33mWARN: Error encountered when rendering files[39m
