
Attaching package: ‘calcofi4db’

The following object is masked from ‘package:stats’:

    dt

Excluded 2 target(s): publish_ichthyo_to_obis, publish_to_netcdf
Parsed 22 pipeline workflows:
  bench_erddap_ctd (reference) -> _output/bench_erddap_ctd.html
  ctd_cast_qa_qc_protocol (reference) -> _output/ctd-cast_qa-qc-protocol.html
  ingest_calcofi_bottle (ingest) -> data/parquet/calcofi_bottle/manifest.json [deps: ingest_swfsc_ichthyo]
  ingest_calcofi_ctd_cast (ingest) -> data/parquet/calcofi_ctd-cast/manifest.json [deps: ingest_swfsc_ichthyo]
  ingest_calcofi_dic (ingest) -> data/parquet/calcofi_dic/manifest.json [deps: ingest_calcofi_bottle]
  ingest_calcofi_mets (ingest) -> data/parquet/calcofi_mets/manifest.json [deps: ingest_swfsc_ichthyo]
  ingest_calcofi_phyllosoma (ingest) -> data/parquet/calcofi_phyllosoma/manifest.json [deps: ingest_swfsc_ichthyo]
  ingest_calcofi_phytoplankton (ingest) -> data/parquet/calcofi_phytoplankton/manifest.json [deps: ingest_swfsc_ichthyo]
  ingest_cce_lter_euphausiids (ingest) -> data/parquet/cce-lter_euphausiids/manifest.json [deps: ingest_swfsc_ichthyo]
  ingest_cce_lter_picoplankton_bacteria (ingest) -> data/parquet/cce-lter_picoplankton-bacteria/manifest.json [deps: ingest_swfsc_ichthyo]
  ingest_cce_lter_zoodb (ingest) -> data/parquet/cce-lter_zoodb/manifest.json [deps: ingest_swfsc_ichthyo]
  ingest_cce_lter_zooscan (ingest) -> data/parquet/cce-lter_zooscan/manifest.json [deps: ingest_swfsc_ichthyo]
  ingest_cdfw_dungeness_crab (ingest) -> data/parquet/cdfw_dungeness-crab/manifest.json [deps: ingest_swfsc_ichthyo]
  ingest_farallon_bird_mammal (ingest) -> data/parquet/farallon_bird-mammal/manifest.json [deps: ingest_swfsc_ichthyo]
  ingest_sio_mesopelagic_fish (ingest) -> data/parquet/sio_mesopelagic-fish/manifest.json [deps: ingest_swfsc_ichthyo]
  ingest_sio_pic_zooplankton (ingest) -> data/parquet/sio_pic-zooplankton/manifest.json [deps: ingest_swfsc_ichthyo]
  ingest_spatial (spatial) -> data/parquet/spatial/manifest.json
  ingest_swfsc_cufes (ingest) -> data/parquet/swfsc_cufes/manifest.json [deps: ingest_swfsc_ichthyo]
  ingest_swfsc_ichthyo (ingest) -> data/parquet/swfsc_ichthyo/manifest.json
  publish_to_erddap (publish) -> data/erddap/datasets_calcofi.xml [deps: release_database]
  release_database (release) -> data/releases [deps: auto]
  test_release (test) -> _output/test_release.html [deps: release_database]
+ corrections_csv dispatched
✔ corrections_csv completed [1ms, 29.01 kB]
+ bench_erddap_ctd dispatched
[31m

processing file: bench_erddap_ctd.qmd
[39m1/29                   
2/29 [setup]           
3/29                   
4/29 [matrix]          
5/29                   
6/29 [fig-mem]         
7/29                   
8/29 [fig-latency]     
9/29                   
10/29 [layout]          
11/29                   
12/29 [fig-layout]      
13/29                   
14/29 [layout-missing]  
15/29                   
16/29 [setup-download]  
17/29                   
18/29 [download-table]  
19/29                   
20/29 [fig-breadth]     
21/29                   
22/29 [download-missing]
23/29                   
24/29 [data-files]      
25/29                   
26/29 [embed-netcdf]    
27/29                   
28/29 [embed-bench]     
29/29                   
[31moutput file: bench_erddap_ctd.knit.md

[39m[1mpandoc [22m
  to: html
  output-file: bench_erddap_ctd.html
  standalone: true
  embed-resources: false
  section-divs: true
  html-math-method: mathjax
  wrap: none
  default-image-extension: png
  toc: true
  toc-depth: 3
  number-sections: false
  variables: {}
  
[1mmetadata[22m
  document-css: false
  link-citations: true
  lang: en
  date: today
  date-format: iso
  editor:
    mode: source
    markdown:
      wrap: 72
    canonical: true
  editor_options:
    chunk_output_type: console
  search: false
  toc-expand: 1
  lightbox: true
  title: 'Serving large CalCOFI CTD profiles on ERDDAP: format × schema × granularity'
  subtitle: NetCDF vs DuckDB vs Parquet vs CSV — memory, latency, and layout, for the CoastWatch ERDDAP
  author: CalCOFI (B. Best) — for Lynn DeWitt & the ERDDAP community
  calcofi:
    target_name: bench_erddap_ctd
    workflow_type: reference
    output: _output/bench_erddap_ctd.html
    workflow_url: https://calcofi.io/workflows/bench_erddap_ctd.html
  
Output created: _output/bench_erddap_ctd.html

✔ bench_erddap_ctd completed [5.9s, 327.53 kB]
+ ctd_cast_qa_qc_protocol dispatched
[31m

processing file: ctd-cast_qa-qc-protocol.qmd
[39m1/21                   
2/21 [setup]           
3/21                   
4/21 [fig-pipeline]    
5/21                   
6/21 [triage]          
7/21                   
8/21 [reference_inputs]
9/21                   
10/21 [qual_vocab]      
11/21                   
12/21 [rules_index]     
13/21                   
14/21 [rules_active]    
15/21                   
16/21 [rules_parked]    
17/21                   
18/21 [coverage_check]  
19/21                   
20/21 [session_info]    
21/21                   
[31moutput file: ctd-cast_qa-qc-protocol.knit.md

[39m[1mpandoc [22m
  to: html
  output-file: ctd-cast_qa-qc-protocol.html
  standalone: true
  embed-resources: false
  section-divs: true
  html-math-method: mathjax
  wrap: none
  default-image-extension: png
  toc: true
  toc-depth: 3
  number-sections: false
  variables: {}
  
[1mmetadata[22m
  document-css: false
  link-citations: true
  lang: en
  date: today
  date-format: iso
  editor:
    mode: source
    markdown:
      wrap: 72
    canonical: true
  editor_options:
    chunk_output_type: console
  search: false
  toc-expand: 1
  lightbox: true
  title: CalCOFI CTD QA/QC Protocol
  subtitle: What every check does, where its threshold came from, and what it cannot see
  calcofi:
    target_name: ctd_cast_qa_qc_protocol
    workflow_type: reference
    output: _output/ctd-cast_qa-qc-protocol.html
    workflow_url: https://calcofi.io/workflows/ctd-cast_qa-qc-protocol.html
    description: |
      Every CTD quality check that runs, where its threshold came from, and what it cannot see — generated from metadata/qc_rules/ so it cannot drift from the rules. Also published as .docx for track-changes review.
  
[31m

processing file: ctd-cast_qa-qc-protocol.qmd
[39m1/21                   
2/21 [setup]           
3/21                   
4/21 [fig-pipeline]    
5/21                   
6/21 [triage]          
7/21                   
8/21 [reference_inputs]
9/21                   
10/21 [qual_vocab]      
11/21                   
12/21 [rules_index]     
13/21                   
14/21 [rules_active]    
15/21                   
16/21 [rules_parked]    
17/21                   
18/21 [coverage_check]  
19/21                   
20/21 [session_info]    
21/21                   
[31moutput file: ctd-cast_qa-qc-protocol.knit.md

[39m[1mpandoc [22m
  to: docx
  output-file: ctd-cast_qa-qc-protocol.docx
  default-image-extension: png
  toc: true
  toc-depth: 3
  number-sections: false
  variables: {}
  
[1mmetadata[22m
  date: today
  date-format: iso
  editor:
    mode: source
    markdown:
      wrap: 72
    canonical: true
  editor_options:
    chunk_output_type: console
  search: false
  title: CalCOFI CTD QA/QC Protocol
  subtitle: What every check does, where its threshold came from, and what it cannot see
  calcofi:
    target_name: ctd_cast_qa_qc_protocol
    workflow_type: reference
    output: _output/ctd-cast_qa-qc-protocol.html
    workflow_url: https://calcofi.io/workflows/ctd-cast_qa-qc-protocol.html
    description: |
      Every CTD quality check that runs, where its threshold came from, and what it cannot see — generated from metadata/qc_rules/ so it cannot drift from the rules. Also published as .docx for track-changes review.
  
Output created: _output/ctd-cast_qa-qc-protocol.html

✔ ctd_cast_qa_qc_protocol completed [11.3s, 379.50 kB]
+ ingest_swfsc_ichthyo dispatched
[31m

processing file: ingest_swfsc_ichthyo.qmd
[39m1/91                              
2/91 [overview]                   
3/91                              
4/91 [setup]                      
5/91                              
6/91 [data_integrity_checkpoint]  
7/91                              
8/91 [source-files]               
9/91                              
10/91 [tbls_in]                    
11/91                              
12/91 [flds_in]                    
13/91                              
14/91 [tbls_rd]                    
15/91                              
16/91 [flds_rd]                    
17/91                              
18/91 [load_tbls_to_db]            
19/91                              
20/91 [create_cruise_key]          
21/91                              
22/91 [propagate_cruise_key]       
23/91                              
24/91 [create_lookup_table]        
25/91                              
26/91 [consolidate_ichthyo_diagram]
27/91                              
28/91 [consolidate_ichthyo]        
29/91                              
30/91 [ichthyo_summary]            
31/91                              
32/91 [apply_corrections]          
33/91                              
34/91 [validate_integrity]         
35/91                              
36/91 [delete_flagged]             
37/91                              
38/91 [drop_deprecated]            
39/91                              
40/91 [standardize_species]        
41/91                              
42/91 [build_taxon]                
43/91                              
44/91 [taxonomy_stats]             
45/91                              
46/91 [erd_tbls]                   
47/91                              
48/91 [erd_fk]                     
49/91                              
50/91 [mk_site_pts]                
51/91                              
52/91 [mk_grid_v2]                 
53/91                              
54/91 [grid_to_db]                 
55/91                              
56/91 [update_site_from_grid]      
57/91                              
58/91 [mk_segment]                 
59/91                              
60/91 [view_segment]               
61/91                              
62/91 [show_latest]                
63/91                              
64/91 [effort_stats]               
65/91                              
66/91 [load-dataset-metadata]      
67/91                              
68/91 [provider-questions]         
69/91                              
70/91 [validate]                   
71/91                              
72/91 [enforce_types]              
73/91                              
74/91 [preview_tables]             
75/91                              
76/91 [emit_core]                  
77/91                              
78/91 [write_parquet]              
79/91                              
80/91 [write_metadata]             
81/91                              
82/91 [show_metadata_json]         
83/91                              
84/91 [show_relationships_json]    
85/91                              
86/91 [upload_gcs]                 
87/91                              
88/91 [cleanup]                    
89/91                              
90/91 [session_info]               
91/91                              
[31moutput file: ingest_swfsc_ichthyo.knit.md

[39m[1mpandoc [22m
  to: html
  output-file: ingest_swfsc_ichthyo.html
  standalone: true
  embed-resources: false
  section-divs: true
  html-math-method: mathjax
  wrap: none
  default-image-extension: png
  toc: true
  toc-depth: 4
  number-sections: true
  variables: {}
  
[1mmetadata[22m
  document-css: false
  link-citations: true
  lang: en
  date: now
  date-format: iso
  editor:
    mode: source
    markdown:
      wrap: 72
    canonical: true
  editor_options:
    chunk_output_type: console
  search: false
  toc-expand: 1
  lightbox: true
  title: Ingest NOAA CalCOFI Database
  calcofi:
    target_name: ingest_swfsc_ichthyo
    workflow_type: ingest
    dependency: []
    output: data/parquet/swfsc_ichthyo/manifest.json
    provider: swfsc
    dataset: ichthyo
    workflow_url: https://calcofi.io/workflows/ingest_swfsc_ichthyo.html
    questions_file: metadata/swfsc/ichthyo/questions.csv
    dataset_meta:
      dataset_name: SWFSC Ichthyoplankton
      description: |
        Ichthyoplankton (fish eggs and larvae) collected by bongo and manta net tows on CalCOFI cruises, processed by SWFSC.
      citation_main: NOAA Fisheries SWFSC. CalCOFI Ichthyoplankton Database.
      link_calcofi_org: https://calcofi.org/data/biology/ichthyoplankton/
      coverage_temporal: 1951 to present
      coverage_spatial: 23-51°N, -170 to -117°W
    tables_owned:
      - table: sample
        shared: true
        note: core event dimension (site -> tow -> net adjacency list)
      - table: obs
        shared: true
        note: core occurrence headline (bio, larval abundance)
      - table: obs_attribute
        shared: true
        note: larval size + stage distributions
      - table: sample_measurement
        shared: true
        note: net effort (volume filtered, haul factor, ...)
      - table: taxon
        shared: true
        note: shared taxa reference (WoRMS/ITIS lineage)
      - table: dataset_taxon
        shared: true
        note: species_id -> taxon_key crosswalk
      - table: cruise
      - table: ship
        shared: true
        note: ship registry; also modified by bottle/ctd ingests
      - table: lookup
      - table: grid
        shared: true
        note: spatial grid referenced across datasets
    erd:
      color: '#cdebc6'
  
Output created: _output/ingest_swfsc_ichthyo.html

✔ ingest_swfsc_ichthyo completed [55s, 4.84 kB]
+ ingest_spatial dispatched
[31m

processing file: ingest_spatial.qmd
[39m1/21                        
2/21 [unnamed-chunk-1]      
3/21                        
4/21 [setup]                
5/21                        
6/21 [arcgis-rest]          
7/21                        
8/21 [clip-layers]          
9/21                        
10/21 [helpers]              
11/21                        
12/21 [process-datasets]     
13/21                        
14/21 [build-spatial-parquet]
15/21                        
16/21 [upload-gcs]           
17/21                        
18/21 [manifest]             
19/21                        
20/21 [summary]              
21/21                        
[31moutput file: ingest_spatial.knit.md

[39m[1mpandoc [22m
  to: html
  output-file: ingest_spatial.html
  standalone: true
  embed-resources: false
  section-divs: true
  html-math-method: mathjax
  wrap: none
  default-image-extension: png
  toc: true
  toc-depth: 4
  number-sections: true
  variables: {}
  
[1mmetadata[22m
  document-css: false
  link-citations: true
  lang: en
  date: now
  date-format: iso
  editor:
    mode: source
    markdown:
      wrap: 72
    canonical: true
  editor_options:
    chunk_output_type: console
  search: false
  toc-expand: 1
  lightbox: true
  title: Ingest Spatial Boundaries
  calcofi:
    target_name: ingest_spatial
    workflow_type: spatial
    dependency: []
    output: data/parquet/spatial/manifest.json
  
Output created: _output/ingest_spatial.html

✔ ingest_spatial completed [2m 30s, 460 B]
+ ingest_calcofi_phyllosoma dispatched
[31m

processing file: ingest_calcofi_phyllosoma.qmd
[39m1/17                     
2/17 [setup]             
3/17                     
4/17 [download]          
5/17                     
6/17 [build]             
7/17                     
8/17 [keys-spatial]      
9/17                     
10/17 [emit_core]         
11/17                     
12/17 [finalize]          
13/17                     
14/17 [provider-questions]
15/17                     
16/17 [cleanup]           
17/17                     
[31moutput file: ingest_calcofi_phyllosoma.knit.md

[39m[1mpandoc [22m
  to: html
  output-file: ingest_calcofi_phyllosoma.html
  standalone: true
  embed-resources: false
  section-divs: true
  html-math-method: mathjax
  wrap: none
  default-image-extension: png
  toc: true
  toc-depth: 4
  number-sections: true
  variables: {}
  
[1mmetadata[22m
  document-css: false
  link-citations: true
  lang: en
  date: now
  date-format: iso
  editor:
    mode: source
    markdown:
      wrap: 72
    canonical: true
  editor_options:
    chunk_output_type: console
  search: false
  toc-expand: 1
  lightbox: true
  title: Ingest CalCOFI Lobster Phyllosoma
  calcofi:
    target_name: ingest_calcofi_phyllosoma
    workflow_type: ingest
    dependency:
      - ingest_swfsc_ichthyo
    output: data/parquet/calcofi_phyllosoma/manifest.json
    provider: calcofi
    dataset: phyllosoma
    workflow_url: https://calcofi.io/workflows/ingest_calcofi_phyllosoma.html
    questions_file: metadata/calcofi/phyllosoma/questions.csv
    dataset_meta:
      dataset_name: CalCOFI Lobster Phyllosoma
      description: |
        Spiny lobster (Panulirus interruptus) phyllosoma larvae counts by developmental stage from CalCOFI net tows, 1951-2008. Source: EDI knb-lter-cce.188.4 (Koslow).
      citation_main: ''
      link_calcofi_org: ''
      link_data_source: https://portal.edirepository.org/nis/mapbrowse?packageid=knb-lter-cce.188.4
      link_others: []
      coverage_temporal: 1951 to 2008
      coverage_spatial: CalCOFI region
      license: ''
      pi_names: J. Anthony Koslow
    tables_owned:
      - table: sample
        shared: true
        note: core event dimension (tow grain)
      - table: obs
        shared: true
        note: core occurrence headline (total phyllosoma per tow)
      - table: obs_attribute
        shared: true
        note: stage distribution within each occurrence
      - table: taxon
        shared: true
        note: shared taxa reference
      - table: dataset_taxon
        shared: true
        note: stage-type -> taxon_key crosswalk
      - table: measurement_type
        shared: true
    erd:
      color: '#e0bbf0'
  
Output created: _output/ingest_calcofi_phyllosoma.html

✔ ingest_calcofi_phyllosoma completed [23.4s, 3.57 kB]
+ ingest_farallon_bird_mammal dispatched
[31m

processing file: ingest_farallon_bird-mammal.qmd
[39m1/29                     
2/29 [unnamed-chunk-1]   
3/29                     
4/29 [setup]             
5/29                     
6/29 [read-source]       
7/29                     
8/29 [lookups]           
9/29                     
10/29 [transect]          
11/29                     
12/29 [observation]       
13/29                     
14/29 [spatial-cruise]    
15/29                     
16/29 [meta-schema]       
17/29                     
18/29 [validate]          
19/29                     
20/29 [preview]           
21/29                     
22/29 [provider-questions]
23/29                     
24/29 [emit_core]         
25/29                     
26/29 [outputs]           
27/29                     
28/29 [cleanup]           
29/29                     
[31moutput file: ingest_farallon_bird-mammal.knit.md

[39m[1mpandoc [22m
  to: html
  output-file: ingest_farallon_bird-mammal.html
  standalone: true
  embed-resources: false
  section-divs: true
  html-math-method: mathjax
  wrap: none
  default-image-extension: png
  toc: true
  toc-depth: 4
  number-sections: true
  variables: {}
  
[1mmetadata[22m
  document-css: false
  link-citations: true
  lang: en
  date: now
  date-format: iso
  editor:
    mode: source
    markdown:
      wrap: 72
    canonical: true
  editor_options:
    chunk_output_type: console
  search: false
  toc-expand: 1
  lightbox: true
  title: Ingest Farallon Institute Bird & Mammal Census
  calcofi:
    target_name: ingest_farallon_bird_mammal
    workflow_type: ingest
    dependency:
      - ingest_swfsc_ichthyo
    output: data/parquet/farallon_bird-mammal/manifest.json
    provider: farallon
    dataset: bird-mammal
    workflow_url: https://calcofi.io/workflows/ingest_farallon_bird-mammal.html
    questions_file: metadata/farallon/bird-mammal/questions.csv
    dataset_meta:
      dataset_name: CalCOFI Bird & Mammal Census
      description: |
        Bird and mammal observations along CalCOFI (and NMFS, CPR) cruise transects, 1987-2021. Transect effort + counts + species/behavior lookups. Curated via CCE-LTER DataZoo 255 (PI Bill Sydeman).
      citation_main: ''
      link_calcofi_org: ''
      link_data_source: https://oceaninformatics.ucsd.edu/datazoo/catalogs/ccelter/datasets/255
      link_others:
        - http://dx.doi.org/10.6073/pasta/4ee1bd702acb11786277192a41626800
      coverage_temporal: 1987 to 2021
      coverage_spatial: CalCOFI region (California Current)
      license: ''
      pi_names: Bill Sydeman
    tables_owned:
      - table: sample
        shared: true
        note: core event dimension (transect grain)
      - table: obs
        shared: true
        note: core occurrence headline (bio, per transect x species)
      - table: obs_attribute
        shared: true
        note: behavior breakdown per occurrence
      - table: taxon
        shared: true
        note: shared taxa reference (seabirds itis:, mammals worms:)
      - table: dataset_taxon
        shared: true
        note: species_code -> taxon_key crosswalk
      - table: taxon_group
        shared: true
        note: calcofi:seabirds / calcofi:marine_mammals
    erd:
      color: '#f0d2e8'
  
Output created: _output/ingest_farallon_bird-mammal.html

✔ ingest_farallon_bird_mammal completed [31.2s, 3.37 kB]
+ ingest_swfsc_cufes dispatched
[31m

processing file: ingest_swfsc_cufes.qmd
[39m1/19                     
2/19 [setup]             
3/19                     
4/19 [download]          
5/19                     
6/19 [build]             
7/19                     
8/19 [keys-spatial]      
9/19                     
10/19 [meas-types]        
11/19                     
12/19 [emit_core]         
13/19                     
14/19 [finalize]          
15/19                     
16/19 [provider-questions]
17/19                     
18/19 [cleanup]           
19/19                     
[31moutput file: ingest_swfsc_cufes.knit.md

[39m[1mpandoc [22m
  to: html
  output-file: ingest_swfsc_cufes.html
  standalone: true
  embed-resources: false
  section-divs: true
  html-math-method: mathjax
  wrap: none
  default-image-extension: png
  toc: true
  toc-depth: 4
  number-sections: true
  variables: {}
  
[1mmetadata[22m
  document-css: false
  link-citations: true
  lang: en
  date: now
  date-format: iso
  editor:
    mode: source
    markdown:
      wrap: 72
    canonical: true
  editor_options:
    chunk_output_type: console
  search: false
  toc-expand: 1
  lightbox: true
  title: Ingest Underway CUFES Fish Eggs
  calcofi:
    target_name: ingest_swfsc_cufes
    workflow_type: ingest
    dependency:
      - ingest_swfsc_ichthyo
    output: data/parquet/swfsc_cufes/manifest.json
    provider: swfsc
    dataset: cufes
    workflow_url: https://calcofi.io/workflows/ingest_swfsc_cufes.html
    questions_file: metadata/swfsc/cufes/questions.csv
    dataset_meta:
      dataset_name: CalCOFI Underway CUFES Fish Eggs
      description: |
        Continuous Underway Fish Egg Sampler (CUFES) egg counts (sardine, anchovy, jack mackerel, hake, squid, other) with underway environmental conditions, from CalCOFI cruises (1996-present). Source: NOAA CoastWatch ERDDAP erdCalCOFIcufes.
      citation_main: ''
      link_calcofi_org: ''
      link_data_source: https://coastwatch.pfeg.noaa.gov/erddap/tabledap/erdCalCOFIcufes.html
      link_others: []
      coverage_temporal: 1996 to present
      coverage_spatial: CalCOFI region (underway)
      license: ''
      pi_names: Noelle Bowlin
    tables_owned:
      - table: sample
        shared: true
        note: core event dimension (underway grain)
      - table: obs
        shared: true
        note: core occurrence headline (bio, egg counts by species)
      - table: taxon
        shared: true
        note: shared taxa reference
      - table: dataset_taxon
        shared: true
        note: egg-type -> taxon_key crosswalk
      - table: measurement_type
        shared: true
    erd:
      color: '#f0e8bb'
  
Output created: _output/ingest_swfsc_cufes.html

✔ ingest_swfsc_cufes completed [25.9s, 3.16 kB]
+ ingest_calcofi_ctd_cast dispatched
[31m

processing file: ingest_calcofi_ctd-cast.qmd
[39m1/177                            
2/177 [setup]                    
3/177                            
4/177 [d_zips]                   
[31mR chunk d_zips: 14.5s ~ 15:14:38
[39m5/177                            
6/177 [check_resume]             
[31mR chunk check_resume: 0.6s ~ 15:14:39
[39m7/177                            
8/177 [prime_zips_from_gcs]      
[31mUsage:[39m[31m
  rclone copy source:path dest:path [flags][39m[31m

Flags:
[39m[31m      --absolute                Put a leading / in front of path names
      --combined string         Make a combined report of changes to this file
      --create-empty-src-dirs   Create empty source dirs on destination after copy
      --csv                     Output in CSV format
      --dest-after string       Report all files that exist on the dest post-sync
      --differ string           Report all non-matching files to this file
  -d, --dir-slash               Append a slash to directory names (default true)
      --dirs-only               Only list directories
      --error string            Report all files with errors (hashing or reading) to this file
      --files-only              Only list files (default true)
  -F, --format string           Output format - see lsf help for details (default "p")
      --hash h                  Use this hash when h is used in the format MD5|SHA-1|DropboxHash (default "md5")
  -h, --help                    help for copy
      --match string            Report all matching files to this file
      --missing-on-dst string   Report all files missing from the destination to this file
      --missing-on-src string   Report all files missing from the source to this file
  -s, --separator string        Separator for the items in the format (default ";")
  -t, --timeformat string       Specify a custom time format - see docs for details (default: 2006-01-02 15:04:05)[39m[31m

Flags for anything which can copy a file (flag group Copy):
[39m[31m      --check-first                                 Do all the checks before starting transfers
  -c, --checksum                                    Check for changes with size & checksum (if available, or fallback to size only)
      --compare-dest stringArray                    Include additional server-side paths during comparison
      --copy-dest stringArray                       Implies --compare-dest but also copies files from paths into destination
      --cutoff-mode HARD|SOFT|CAUTIOUS              Mode to stop transfers when reaching the max transfer limit HARD|SOFT|CAUTIOUS (default HARD)
      --ignore-case-sync                            Ignore case when synchronizing
      --ignore-checksum                             Skip post copy check of checksums
      --ignore-existing                             Skip all files that exist on destination
      --ignore-size                                 Ignore size when skipping use modtime or checksum
  -I, --ignore-times                                Don't skip items that match size and time - transfer all unconditionally
      --immutable                                   Do not modify files, fail if existing files have been modified
      --inplace                                     Download directly to destination file instead of atomic download to temp/rename
  -l, --links                                       Translate symlinks to/from regular files with a '.rclonelink' extension
      --max-backlog int                             Maximum number of objects in sync or check backlog (default 10000)
      --max-duration Duration                       Maximum duration rclone will transfer data for (default 0s)
      --max-transfer SizeSuffix                     Maximum size of data to transfer (default off)
  -M, --metadata                                    If set, preserve metadata when copying objects
      --modify-window Duration                      Max time diff to be considered the same (default 1ns)
      --multi-thread-chunk-size SizeSuffix          Chunk size for multi-thread downloads / uploads, if not set by filesystem (default 64Mi)
      --multi-thread-cutoff SizeSuffix              Use multi-thread downloads for files above this size (default 256Mi)
      --multi-thread-streams int                    Number of streams to use for multi-thread downloads (default 4)
      --multi-thread-write-buffer-size SizeSuffix   In memory buffer size for writing when in multi-thread mode (default 128Ki)
      --name-transform stringArray                  Transform paths during the copy process
      --no-check-dest                               Don't check the destination, copy regardless
      --no-traverse                                 Don't traverse destination file system on copy
      --no-update-dir-modtime                       Don't update directory modification times
      --no-update-modtime                           Don't update destination modtime if files identical
      --order-by string                             Instructions on how to order the transfers, e.g. 'size,descending'
      --partial-suffix string                       Add partial-suffix to temporary file name when --inplace is not used (default ".partial")
      --refresh-times                               Refresh the modtime of remote files
      --server-side-across-configs                  Allow server-side operations (e.g. copy) to work across different configs
      --size-only                                   Skip based on size only, not modtime or checksum
      --streaming-upload-cutoff SizeSuffix          Cutoff for switching to chunked upload if file size is unknown, upload starts after reaching cutoff or when file ends (default 100Ki)
  -u, --update                                      Skip files that are newer on the destination

Important flags useful for most commands (flag group Important):
  -n, --dry-run         Do a trial run with no permanent changes
  -i, --interactive     Enable interactive mode
  -v, --verbose count   Print lots more stuff (repeat for more)

Flags for filtering directory listings (flag group Filter):
      --delete-excluded                     Delete files on dest excluded from sync
      --exclude stringArray                 Exclude files matching pattern
      --exclude-from stringArray            Read file exclude patterns from file (use - to read from stdin)
      --exclude-if-present stringArray      Exclude directories if filename is present
      --files-from stringArray              Read list of source-file names from file (use - to read from stdin)
      --files-from-raw stringArray          Read list of source-file names from file without any processing of lines (use - to read from stdin)
  -f, --filter stringArray                  Add a file filtering rule
      --filter-from stringArray             Read file filtering patterns from a file (use - to read from stdin)
      --hash-filter string                  Partition filenames by hash k/n or randomly @/n
      --ignore-case                         Ignore case in filters (case insensitive)
      --include stringArray                 Include files matching pattern
      --include-from stringArray            Read file include patterns from file (use - to read from stdin)
      --max-age Duration                    Only transfer files younger than this in s or suffix ms|s|m|h|d|w|M|y (default off)
      --max-depth int                       If set limits the recursion depth to this (default -1)
      --max-size SizeSuffix                 Only transfer files smaller than this in KiB or suffix B|K|M|G|T|P (default off)
      --metadata-exclude stringArray        Exclude metadatas matching pattern
      --metadata-exclude-from stringArray   Read metadata exclude patterns from file (use - to read from stdin)
      --metadata-filter stringArray         Add a metadata filtering rule
      --metadata-filter-from stringArray    Read metadata filtering patterns from a file (use - to read from stdin)
      --metadata-include stringArray        Include metadatas matching pattern
      --metadata-include-from stringArray   Read metadata include patterns from file (use - to read from stdin)
      --min-age Duration                    Only transfer files older than this in s or suffix ms|s|m|h|d|w|M|y (default off)
      --min-size SizeSuffix                 Only transfer files bigger than this in KiB or suffix B|K|M|G|T|P (default off)

Flags for listing directories (flag group Listing):
      --default-time Time   Time to show if modtime is unknown for files and directories (default 2000-01-01T00:00:00Z)
      --fast-list           Use recursive list if available; uses more memory but fewer transactions

Use "rclone [command] --help" for more information about a command.
Use "rclone help flags" for to see the global flags.
Use "rclone help backends" for a list of supported services.
Command copy needs 2 arguments maximum: you provided 3 non flag arguments: ["gcs-calcofi:calcofi-files-public/_sync/calcofi/ctd-cast/download" "/Users/bbest/My" "Drive/projects/calcofi/data-public/calcofi/ctd-cast/download"]
[39m[31mR chunk prime_zips_from_gcs: 1.7s ~ 15:14:41
[39m9/177                            
10/177 [download_and_unzip]       
[31mR chunk download_and_unzip: 0.2s ~ 15:14:41
[39m11/177                            
12/177 [d_csv]                    
[31mR chunk d_csv: 3s ~ 15:14:44
[39m13/177                            
14/177 [read_csv]                 
[31mR chunk read_csv: 182.3s ~ 15:17:46
[39m15/177                            
16/177 [d_bind]                   
[31mR chunk d_bind: 97.7s ~ 15:19:24
[39m17/177                            
18/177 [format_datetime]          
[31mR chunk format_datetime: 163.6s ~ 15:22:07
[39m19/177                            
20/177 [fill_lonlat]              
[31mR chunk fill_lonlat: 142.3s ~ 15:24:30
[39m21/177                            
22/177 [pts_distance_from_lnst]   
[31mR chunk pts_distance_from_lnst: 392.4s ~ 15:31:02
[39m23/177                            
24/177 [view_badcr]               
[31mR chunk view_badcr: 1.7s ~ 15:31:04
[39m25/177                            
26/177 [filter_pts]               
[31mR chunk filter_pts: 66.4s ~ 15:32:10
[39m27/177                            
28/177 [view_pts_filt]            
[31mR chunk view_pts_filt: 5s ~ 15:32:15
[39m29/177                            
30/177 [check_dupes]              
[31mR chunk check_dupes: 63.7s ~ 15:33:19
[39m31/177                            
32/177 [rename_fields]            
[31mR chunk rename_fields: 20s ~ 15:33:39
[39m33/177                            
34/177 [dedup_ctd_raw]            
[31mR chunk dedup_ctd_raw: 13.6s ~ 15:33:53
[39m35/177                            
36/177 [restore_eval]             
[31mR chunk restore_eval: 0s ~ 15:33:53
[39m37/177                            
38/177 [cross_dataset_bridge]     
[31mR chunk cross_dataset_bridge: 0.9s ~ 15:33:54
[39m39/177                            
40/177 [save_checkpoint]          
[31mR chunk save_checkpoint: 2.1s ~ 15:33:56
[39m41/177                            
42/177 [meas_col_registry]        
[31mR chunk meas_col_registry: 0s ~ 15:33:56
[39m43/177                            
44/177 [meas_col_registry_tbl]    
[31mR chunk meas_col_registry_tbl: 0s ~ 15:33:56
[39m45/177                            
46/177 [ctd_cast]                 
[31mR chunk ctd_cast: 6.6s ~ 15:34:03
[39m47/177                            
48/177 [ctd_measurement]          
[31mR chunk ctd_measurement: 299.6s ~ 15:39:02
[39m49/177                            
50/177 [ctd_summary]              
[31mR chunk ctd_summary: 143.2s ~ 15:41:25
[39m51/177                            
52/177 [measurement_type]         
[31mR chunk measurement_type: 0.6s ~ 15:41:26
[39m53/177                            
54/177 [meas_provenance]          
[31mR chunk meas_provenance: 0.2s ~ 15:41:26
[39m55/177                            
56/177 [meas_provenance_tbl]      
[31mR chunk meas_provenance_tbl: 0.1s ~ 15:41:26
[39m57/177                            
58/177 [drop_ctd_raw]             
[31mR chunk drop_ctd_raw: 0s ~ 15:41:26
[39m59/177                            
60/177 [freq_table_sizes]         
[31mR chunk freq_table_sizes: 0.1s ~ 15:41:27
[39m61/177                            
62/177 [freq_depth_resolution]    
[31mR chunk freq_depth_resolution: 0.6s ~ 15:41:27
[39m63/177                            
64/177 [freq_cast_direction]      
[31mR chunk freq_cast_direction: 0.1s ~ 15:41:27
[39m65/177                            
66/177 [freq_measurement_types]   
[31mR chunk freq_measurement_types: 62.1s ~ 15:42:29
[39m67/177                            
68/177 [ctd_thin_verify_pairing]  
[31mR chunk ctd_thin_verify_pairing: 0.2s ~ 15:42:30
[39m69/177                            
70/177 [ctd_thin_chosen_dir]      
[31mR chunk ctd_thin_chosen_dir: 0.8s ~ 15:42:31
[39m71/177                            
72/177 [ctd_thin_grid]            
[31mR chunk ctd_thin_grid: 7.6s ~ 15:42:38
[39m73/177                            
74/177 [ctd_thin_rdp]             
[31mR chunk ctd_thin_rdp: 90.5s ~ 15:44:09
[39m75/177                            
76/177 [ctd_thin_assemble]        
[31mR chunk ctd_thin_assemble: 13.3s ~ 15:44:22
[39m77/177                            
78/177 [ctd_thin_verify]          
[31mR chunk ctd_thin_verify: 12.5s ~ 15:44:34
[39m79/177                            
80/177 [ctd_thin_spotcheck]       
[31mR chunk ctd_thin_spotcheck: 2.6s ~ 15:44:37
[39m81/177                            
82/177 [schema]                   
[31mR chunk schema: 2.9s ~ 15:44:40
[39m83/177                            
84/177 [add_spatial]              
[31mR chunk add_spatial: 44.6s ~ 15:45:25
[39m85/177                            
86/177 [derived_view]             
[31mR chunk derived_view: 0s ~ 15:45:25
[39m87/177                            
88/177 [load-dataset-metadata]    
[31mR chunk load-dataset-metadata: 0.4s ~ 15:45:25
[39m89/177                            
90/177 [diag_sentinel]            
[31mR chunk diag_sentinel: 0.1s ~ 15:45:25
[39m91/177                            
92/177 [diag_ranges]              
[31mR chunk diag_ranges: 2.9s ~ 15:45:28
[39m93/177                            
94/177 [diag_ranges_tbl]          
[31mR chunk diag_ranges_tbl: 0.1s ~ 15:45:28
[39m95/177                            
96/177 [diag_qual]                
[31mR chunk diag_qual: 1.2s ~ 15:45:29
[39m97/177                            
98/177 [diag_qual_tbl]            
[31mR chunk diag_qual_tbl: 0s ~ 15:45:29
[39m99/177                            
100/177 [validate]                 
[31mR chunk validate: 2.7s ~ 15:45:32
[39m101/177                            
102/177 [preview_helper]           
[31mR chunk preview_helper: 0s ~ 15:45:32
[39m103/177                            
104/177 [preview_ctd_cast]         
[31mR chunk preview_ctd_cast: 0.1s ~ 15:45:32
[39m105/177                            
106/177 [preview_ctd_measurement]  
[31mR chunk preview_ctd_measurement: 0.1s ~ 15:45:32
[39m107/177                            
108/177 [preview_ctd_thin]         
[31mR chunk preview_ctd_thin: 0s ~ 15:45:32
[39m109/177                            
110/177 [preview_ctd_summary]      
[31mR chunk preview_ctd_summary: 0.1s ~ 15:45:32
[39m111/177                            
112/177 [preview_measurement_type] 
[31mR chunk preview_measurement_type: 0.1s ~ 15:45:32
[39m113/177                            
114/177 [emit_core]                
[31mR chunk emit_core: 270.9s ~ 15:50:03
[39m115/177                            
116/177 [write_parquet]            
[31mR chunk write_parquet: 325.8s ~ 15:55:29
[39m117/177                            
118/177 [write_metadata]           
[31mR chunk write_metadata: 0.8s ~ 15:55:30
[39m119/177                            
120/177 [show_metadata_json]       
[31mR chunk show_metadata_json: 0.2s ~ 15:55:30
[39m121/177                            
122/177 [show_relationships_json]  
[31mR chunk show_relationships_json: 0s ~ 15:55:30
[39m123/177                            
124/177 [export_new_deltas]        
[31mR chunk export_new_deltas: 0.1s ~ 15:55:30
[39m125/177                            
126/177 [resume_for_upload]        
[31mR chunk resume_for_upload: 0s ~ 15:55:30
[39m127/177                            
128/177 [upload_gcs]               
[31mR chunk upload_gcs: 1406.1s ~ 16:18:56
[39m129/177                            
130/177 [findings_setup]           
[31mR chunk findings_setup: 2.6s ~ 16:18:59
[39m131/177                            
132/177 [findings_headline]        
[31mR chunk findings_headline: 1s ~ 16:19:00
[39m133/177                            
134/177 [findings_sentinel]        
[31mR chunk findings_sentinel: 0s ~ 16:19:00
[39m135/177                            
136/177 [findings_bottle]          
[31mR chunk findings_bottle: 1.2s ~ 16:19:01
[39m137/177                            
138/177 [findings_bottle_tbl]      
[31mR chunk findings_bottle_tbl: 0.1s ~ 16:19:01
[39m139/177                            
140/177 [findings_direction]       
[31mR chunk findings_direction: 0.1s ~ 16:19:01
[39m141/177                            
142/177 [findings_qual]            
[31mR chunk findings_qual: 0.1s ~ 16:19:01
[39m143/177                            
144/177 [findings_qual_tbl]        
[31mR chunk findings_qual_tbl: 0s ~ 16:19:02
[39m145/177                            
146/177 [findings_stage]           
[31mR chunk findings_stage: 0.1s ~ 16:19:02
[39m147/177                            
148/177 [findings_rules]           
[31mR chunk findings_rules: 2.4s ~ 16:19:04
[39m149/177                            
150/177 [findings_rules_tbl]       
[31mR chunk findings_rules_tbl: 0s ~ 16:19:04
[39m151/177                            
152/177 [findings_range_tbl]       
[31mR chunk findings_range_tbl: 0.1s ~ 16:19:04
[39m153/177                            
154/177 [findings_temp]            
[31mR chunk findings_temp: 0s ~ 16:19:04
[39m155/177                            
156/177 [findings_temp_tbl]        
[31mR chunk findings_temp_tbl: 0.1s ~ 16:19:04
[39m157/177                            
158/177 [findings_temp_btl_tbl]    
[31mR chunk findings_temp_btl_tbl: 0.1s ~ 16:19:04
[39m159/177                            
160/177 [findings_ph_tbl]          
[31mR chunk findings_ph_tbl: 0.1s ~ 16:19:04
[39m161/177                            
162/177 [findings_cruise_rules]    
[31mR chunk findings_cruise_rules: 0.3s ~ 16:19:05
[39m163/177                            
164/177 [findings_cruise_rules_tbl]
[31mR chunk findings_cruise_rules_tbl: 0s ~ 16:19:05
[39m165/177                            
166/177 [provider-questions]       
[31mR chunk provider-questions: 0s ~ 16:19:05
[39m167/177                            
168/177 [findings_close]           
[31mR chunk findings_close: 0s ~ 16:19:05
[39m169/177                            
170/177 [cleanup]                  
[31mR chunk cleanup: 0.7s ~ 16:19:06
[39m171/177                            
172/177 [gantt_guard]              
[31mR chunk gantt_guard: 0.1s ~ 16:19:06
[39m173/177                            
174/177 [gantt_chart]              
[31mR chunk gantt_chart: 1.1s ~ 16:19:07
[39m175/177                            
176/177 [session_info]             
[31mR chunk session_info: 0.6s ~ 16:19:07
[39m177/177                            
[31moutput file: ingest_calcofi_ctd-cast.knit.md

[39m[1mpandoc [22m
  to: html
  output-file: ingest_calcofi_ctd-cast.html
  standalone: true
  embed-resources: false
  section-divs: true
  html-math-method: mathjax
  wrap: none
  default-image-extension: png
  toc: true
  toc-depth: 4
  number-sections: true
  variables: {}
  
[1mmetadata[22m
  document-css: false
  link-citations: true
  lang: en
  date: now
  date-format: iso
  editor:
    mode: source
    markdown:
      wrap: 72
    canonical: true
  editor_options:
    chunk_output_type: console
  search: false
  toc-expand: 1
  lightbox: true
  title: Ingest CalCOFI CTD Cast Data
  calcofi:
    target_name: ingest_calcofi_ctd_cast
    workflow_type: ingest
    dependency:
      - ingest_swfsc_ichthyo
    output: data/parquet/calcofi_ctd-cast/manifest.json
    modifies:
      - ship
    provider: calcofi
    dataset: ctd-cast
    workflow_url: https://calcofi.io/workflows/ingest_calcofi_ctd-cast.html
    questions_file: metadata/calcofi/ctd-cast/questions.csv
    dataset_meta:
      dataset_name: CalCOFI CTD Cast Files
      description: |
        CTD downcast profiles with temperature, salinity, oxygen, fluorescence, and other sensors at standard depths.
      citation_main: CalCOFI. (2023). CalCOFI CTD Cast Files. CalCOFI.org.
      link_calcofi_org: https://calcofi.org/data/oceanographic-data/ctd-cast-files/
      link_data_source: https://calcofi.org/data/oceanographic-data/ctd-cast-files/
      coverage_temporal: 1998-01 to 2026-04
      coverage_spatial: 29.8-37.8°N, -126.5 to -117.3°W
    tables_owned:
      - table: sample
        shared: true
        note: core event dimension (one row per physical cast)
      - table: obs
        shared: true
        note: core observations (env, thinned CTD profile)
      - table: obs_ctd_full
        supplemental: true
        note: full-resolution scans (~216M rows), opt-in
      - table: measurement_type
        shared: true
        note: shared registry across bottle/ctd/dic
    erd:
      color: '#e0ccf0'
  
Output created: _output/ingest_calcofi_ctd-cast.html

✔ ingest_calcofi_ctd_cast completed [1h 22m 20.6s, 93.29 kB]
+ ingest_cce_lter_euphausiids dispatched
[31m

processing file: ingest_cce-lter_euphausiids.qmd
[39m1/51                        
2/51 [unnamed-chunk-1]      
3/51                        
4/51 [setup]                
5/51                        
6/51 [read-source]          
7/51                        
8/51 [clean-data]           
9/51                        
10/51 [parse-columns]        
11/51                        
12/51 [taxon-worms]          
13/51                        
14/51 [pivot-long]           
15/51                        
16/51 [resolve-keys]         
17/51                        
18/51 [load-tow]             
19/51                        
20/51 [spatial]              
21/51                        
22/51 [load-measurement]     
23/51                        
24/51 [measurement-summary]  
25/51                        
26/51 [add-measurement-type] 
27/51                        
28/51 [load-dataset-metadata]
29/51                        
30/51 [schema]               
31/51                        
32/51 [validate]             
33/51                        
34/51 [preview-taxon]        
35/51                        
36/51 [preview-measurement]  
37/51                        
38/51 [emit_core]            
39/51                        
40/51 [write-parquet]        
41/51                        
42/51 [write-metadata]       
43/51                        
44/51 [upload-gcs]           
45/51                        
46/51 [provider-questions]   
47/51                        
48/51 [cleanup]              
49/51                        
50/51 [session_info]         
51/51                        
[31moutput file: ingest_cce-lter_euphausiids.knit.md

[39m[1mpandoc [22m
  to: html
  output-file: ingest_cce-lter_euphausiids.html
  standalone: true
  embed-resources: false
  section-divs: true
  html-math-method: mathjax
  wrap: none
  default-image-extension: png
  toc: true
  toc-depth: 4
  number-sections: true
  variables: {}
  
[1mmetadata[22m
  document-css: false
  link-citations: true
  lang: en
  date: now
  date-format: iso
  editor:
    mode: source
    markdown:
      wrap: 72
    canonical: true
  editor_options:
    chunk_output_type: console
  search: false
  toc-expand: 1
  lightbox: true
  title: Ingest CCE-LTER Euphausiids
  calcofi:
    target_name: ingest_cce_lter_euphausiids
    workflow_type: ingest
    dependency:
      - ingest_swfsc_ichthyo
    output: data/parquet/cce-lter_euphausiids/manifest.json
    provider: cce-lter
    dataset: euphausiids
    workflow_url: https://calcofi.io/workflows/ingest_cce-lter_euphausiids.html
    questions_file: metadata/cce-lter/euphausiids/questions.csv
    dataset_meta:
      dataset_name: CCE-LTER Euphausiid Abundance
      description: |
        Species- and life-stage-resolved euphausiid (krill) abundance from CalCOFI / CCE-LTER net tows (BTEDB export), 1951-present, one row per tow x species x life stage. Supersedes the prior single-Abundance- column ingest, which had no taxonomic scope (Q02, now resolved) — units remain provisional pending provider confirmation (Q01).
      citation_main: ''
      link_calcofi_org: ''
      link_data_source: BTEDB (Bongo Tow Euphausiid Database) export
      link_others: []
      coverage_temporal: 1951-01 to present
      coverage_spatial: CalCOFI grid incl. Baja lines
      license: ''
      pi_names: Rasmus Swalethorp; Linsey Sala
    tables_owned:
      - table: sample
        shared: true
        note: core event dimension (tow grain)
      - table: obs
        shared: true
        note: core occurrence headline (bio, species x life stage)
      - table: taxon
        shared: true
        note: shared taxa reference (37 BTEDB species)
      - table: dataset_taxon
        shared: true
        note: BTEDB taxon_id -> taxon_key crosswalk
      - table: measurement_type
        shared: true
        note: shared registry across datasets
    erd:
      color: '#d2f0bb'
  
Output created: _output/ingest_cce-lter_euphausiids.html

✔ ingest_cce_lter_euphausiids completed [1m 34.4s, 3.46 kB]
+ ingest_cce_lter_zoodb dispatched
[31m

processing file: ingest_cce-lter_zoodb.qmd
[39m1/47                        
2/47 [unnamed-chunk-1]      
3/47                        
4/47 [setup]                
5/47                        
6/47 [acquire]              
7/47                        
8/47 [read-source]          
9/47                        
10/47 [clean]                
11/47                        
12/47 [taxon]                
13/47                        
14/47 [sample-keys]          
15/47                        
16/47 [spatial]              
17/47                        
18/47 [measurement]          
19/47                        
20/47 [add-measurement-type] 
21/47                        
22/47 [load-dataset-metadata]
23/47                        
24/47 [schema]               
25/47                        
26/47 [validate]             
27/47                        
28/47 [preview-sample]       
29/47                        
30/47 [preview-measurement]  
31/47                        
32/47 [preview-taxon]        
33/47                        
34/47 [emit_core]            
35/47                        
36/47 [write-parquet]        
37/47                        
38/47 [write-metadata]       
39/47                        
40/47 [upload-gcs]           
41/47                        
42/47 [provider-questions]   
43/47                        
44/47 [cleanup]              
45/47                        
46/47 [session_info]         
47/47                        
[31moutput file: ingest_cce-lter_zoodb.knit.md

[39m[1mpandoc [22m
  to: html
  output-file: ingest_cce-lter_zoodb.html
  standalone: true
  embed-resources: false
  section-divs: true
  html-math-method: mathjax
  wrap: none
  default-image-extension: png
  toc: true
  toc-depth: 4
  number-sections: true
  variables: {}
  
[1mmetadata[22m
  document-css: false
  link-citations: true
  lang: en
  date: now
  date-format: iso
  editor:
    mode: source
    markdown:
      wrap: 72
    canonical: true
  editor_options:
    chunk_output_type: console
  search: false
  toc-expand: 1
  lightbox: true
  title: Ingest CCE-LTER ZooDB Holoplankton
  calcofi:
    target_name: ingest_cce_lter_zoodb
    workflow_type: ingest
    dependency:
      - ingest_swfsc_ichthyo
    output: data/parquet/cce-lter_zoodb/manifest.json
    provider: cce-lter
    dataset: zoodb
    workflow_url: https://calcofi.io/workflows/ingest_cce-lter_zoodb.html
    questions_file: metadata/cce-lter/zoodb/questions.csv
    dataset_meta:
      dataset_name: ZooDB Holoplankton Community
      description: |
        Holoplankton abundance and carbon biomass by 33 higher taxa (copepods to family, plus amphipods, chaetognaths, salps, pyrosomes, pteropods, ostracods, foraminifera, radiolaria and more) from CalCOFI net tows, 1951-2021, enumerated by microscopy (Ohman Lab / SIO Pelagic Invertebrate Collection). One row per (sample, taxon, measurement_type); unpooled tows are station-resolved, pooled samples are per-cruise regional composites. Raw (uncorrected) abundance per 1000 m3 and per m2, plus biomass mg C/m2.
      citation_main: ''
      citation_others: Plankton sample analysis supported by NSF grants to M.D. Ohman and the CCE-LTER site, and by the SIO Pelagic Invertebrate Collection.
      link_calcofi_org: https://calcofi.org/data/marine-ecosystem-data/zooplankton/
      link_data_source: https://oceaninformatics.ucsd.edu/zoodb/
      link_others: []
      coverage_temporal: 1951-03 to 2021-05
      coverage_spatial: CalCOFI lines 60-93 (Southern + Central California)
      license: ''
      pi_names: Mark D. Ohman; Bertha Lavaniegos; Linsey Sala
    tables_owned:
      - table: sample
        shared: true
        note: core event dimension (tow grain)
      - table: obs
        shared: true
        note: core occurrence headline (bio, zooplankton abundance)
      - table: taxon
        shared: true
        note: shared taxa reference
      - table: dataset_taxon
        shared: true
        note: zoodb taxon_id -> taxon_key crosswalk
      - table: measurement_type
        shared: true
        note: shared registry across datasets
    erd:
      color: '#d9c2f0'
  
Output created: _output/ingest_cce-lter_zoodb.html

✔ ingest_cce_lter_zoodb completed [23.3s, 3.37 kB]
+ ingest_calcofi_bottle dispatched
[31m

processing file: ingest_calcofi_bottle.qmd
[39m1/97                            
2/97 [setup]                    
3/97                            
4/97 [load_db]                  
5/97                            
6/97 [read_csv_files]           
7/97                            
8/97 [data_integrity_check]     
9/97                            
10/97 [data_integrity_message]   
11/97                            
12/97 [source-files]             
13/97                            
14/97 [tbls_in]                  
15/97                            
16/97 [flds_in]                  
17/97                            
18/97 [tbls_rd]                  
19/97                            
20/97 [flds_rd]                  
21/97                            
22/97 [load_tbls_to_db]          
23/97                            
24/97 [apply_ship_corrections]   
25/97                            
26/97 [consolidate_casts]        
27/97                            
28/97 [pivot_bottle_meas_diagram]
29/97                            
30/97 [pivot_bottle_measurements]
31/97                            
32/97 [pivot_cast_cond_diagram]  
33/97                            
34/97 [pivot_cast_conditions]    
35/97                            
36/97 [load_measurement_type]    
37/97                            
38/97 [load-dataset-metadata]    
39/97                            
40/97 [provider-questions]       
41/97                            
42/97 [verify_primary_keys]      
43/97                            
44/97 [erd_tbls]                 
45/97                            
46/97 [erd_fk]                   
47/97                            
48/97 [mk_cast_pts]              
49/97                            
50/97 [load_grid]                
51/97                            
52/97 [update_cast_from_grid]    
53/97                            
54/97 [create_casts_derived]     
55/97                            
56/97 [map_casts]                
57/97                            
58/97 [show_latest]              
59/97                            
60/97 [summary_stats]            
61/97                            
62/97 [validate]                 
63/97                            
64/97 [enforce_types]            
65/97                            
66/97 [preview_tables]           
67/97                            
68/97 [preview_casts_derived]    
69/97                            
70/97 [load_reference_tables]    
71/97                            
72/97 [derive_cruise_key]        
73/97                            
74/97 [ship_match_stats]         
75/97                            
76/97 [cruise_bridge_stats]      
77/97                            
78/97 [unmatched_ships]          
79/97                            
80/97 [cross_validate]           
81/97                            
82/97 [emit_core]                
83/97                            
84/97 [write_parquet]            
85/97                            
86/97 [write_metadata]           
87/97                            
88/97 [show_metadata_json]       
89/97                            
90/97 [show_relationships_json]  
91/97                            
92/97 [upload_gcs]               
93/97                            
94/97 [cleanup]                  
95/97                            
96/97 [session_info]             
97/97                            
[31moutput file: ingest_calcofi_bottle.knit.md

[39m[1mpandoc [22m
  to: html
  output-file: ingest_calcofi_bottle.html
  standalone: true
  embed-resources: false
  section-divs: true
  html-math-method: mathjax
  wrap: none
  default-image-extension: png
  toc: true
  toc-depth: 4
  number-sections: true
  variables: {}
  
[1mmetadata[22m
  document-css: false
  link-citations: true
  lang: en
  date: now
  date-format: iso
  editor:
    mode: source
    markdown:
      wrap: 72
    canonical: true
  editor_options:
    chunk_output_type: console
  search: false
  toc-expand: 1
  lightbox: true
  title: Ingest Bottle Database
  calcofi:
    target_name: ingest_calcofi_bottle
    workflow_type: ingest
    dependency:
      - ingest_swfsc_ichthyo
    output: data/parquet/calcofi_bottle/manifest.json
    modifies:
      - ship
    provider: calcofi
    dataset: bottle
    workflow_url: https://calcofi.io/workflows/ingest_calcofi_bottle.html
    questions_file: metadata/calcofi/bottle/questions.csv
    dataset_meta:
      dataset_name: CalCOFI Bottle Database
      description: |
        Hydrographic bottle data including temperature, salinity, oxygen, nutrients, pigments, and C14 from CalCOFI cruises.
      citation_main: CalCOFI. (2023). CalCOFI Bottle Database 194903-202105. CalCOFI.org.
      link_calcofi_org: https://calcofi.org/data/oceanographic-data/bottle-database/
      link_data_source: https://calcofi.org/downloads/database/CalCOFI_Database_194903-202105_csv_16October2023.zip
      coverage_temporal: 1949-03 to 2021-05
      coverage_spatial: 23-51°N, -170 to -117°W
    tables_owned:
      - table: sample
        shared: true
        note: core event dimension (cast -> bottle adjacency list)
      - table: obs
        shared: true
        note: core observations (env, bottle hydrography)
      - table: sample_measurement
        shared: true
        note: cast conditions + bottom depth
      - table: measurement_type
        shared: true
        note: shared registry across bottle/ctd/dic
    erd:
      color: '#f5cad9'
  
Output created: _output/ingest_calcofi_bottle.html

✔ ingest_calcofi_bottle completed [1m 5.4s, 3.17 kB]
+ ingest_calcofi_mets dispatched
[31m

processing file: ingest_calcofi_mets.qmd
[39m1/59                        
2/59 [unnamed-chunk-1]      
3/59                        
4/59 [setup]                
5/59                        
6/59 [check_resume]         
[31mR chunk check_resume: 0s ~ 16:39:47
[39m7/59                        
8/59 [acquire]              
[31mR chunk acquire: 24.5s ~ 16:40:12
[39m9/59                        
10/59 [d_files]              
[31mR chunk d_files: 0.3s ~ 16:40:12
[39m11/59                        
12/59 [read_files]           
[31mR chunk read_files: 17.8s ~ 16:40:30
[39m13/59                        
14/59 [d_bind]               
[31mR chunk d_bind: 53.3s ~ 16:41:23
[39m15/59                        
16/59 [save_checkpoint]      
[31mR chunk save_checkpoint: 0.3s ~ 16:41:24
[39m17/59                        
18/59 [restore_eval]         
[31mR chunk restore_eval: 0s ~ 16:41:24
[39m19/59                        
20/59 [rename_fields]        
[31mR chunk rename_fields: 43.6s ~ 16:42:07
[39m21/59                        
22/59 [cross_dataset_bridge] 
[31mR chunk cross_dataset_bridge: 0.3s ~ 16:42:08
[39m23/59                        
24/59 [dedup_mets_sample]    
[31mR chunk dedup_mets_sample: 5.6s ~ 16:42:13
[39m25/59                        
26/59 [pivot]                
[31mR chunk pivot: 13.5s ~ 16:42:27
[39m27/59                        
28/59 [measurement_type]     
[31mR chunk measurement_type: 0.1s ~ 16:42:27
[39m29/59                        
30/59 [mets_thin]            
[31mR chunk mets_thin: 8.5s ~ 16:42:35
[39m31/59                        
32/59 [schema]               
[31mR chunk schema: 2s ~ 16:42:37
[39m33/59                        
34/59 [add_spatial]          
[31mR chunk add_spatial: 43s ~ 16:43:20
[39m35/59                        
36/59 [emit_core]            
[31mR chunk emit_core: 0.9s ~ 16:43:21
[39m37/59                        
38/59 [emit_obs_full]        
[31mR chunk emit_obs_full: 26.1s ~ 16:43:47
[39m39/59                        
40/59 [load-dataset-metadata]
[31mR chunk load-dataset-metadata: 1.3s ~ 16:43:48
[39m41/59                        
42/59 [provider-questions]   
[31mR chunk provider-questions: 0s ~ 16:43:49
[39m43/59                        
44/59 [validate]             
[31mR chunk validate: 0.2s ~ 16:43:49
[39m45/59                        
46/59 [preview]              
[31mR chunk preview: 0.1s ~ 16:43:49
[39m47/59                        
48/59 [write_parquet]        
[31mR chunk write_parquet: 11.2s ~ 16:44:00
[39m49/59                        
50/59 [write_metadata]       
[31mR chunk write_metadata: 0.1s ~ 16:44:00
[39m51/59                        
52/59 [export_new_deltas]    
[31mR chunk export_new_deltas: 0s ~ 16:44:00
[39m53/59                        
54/59 [upload_gcs]           
[31mR chunk upload_gcs: 146.7s ~ 16:46:27
[39m55/59                        
56/59 [cleanup]              
[31mR chunk cleanup: 0.3s ~ 16:46:27
[39m57/59                        
58/59 [session_info]         
[31mR chunk session_info: 1.3s ~ 16:46:28
[39m59/59                        
[31moutput file: ingest_calcofi_mets.knit.md

[39m[1mpandoc [22m
  to: html
  output-file: ingest_calcofi_mets.html
  standalone: true
  embed-resources: false
  section-divs: true
  html-math-method: mathjax
  wrap: none
  default-image-extension: png
  toc: true
  toc-depth: 4
  number-sections: true
  variables: {}
  
[1mmetadata[22m
  document-css: false
  link-citations: true
  lang: en
  date: now
  date-format: iso
  editor:
    mode: source
    markdown:
      wrap: 72
    canonical: true
  editor_options:
    chunk_output_type: console
  search: false
  toc-expand: 1
  lightbox: true
  title: Ingest CalCOFI METS (Underway TSG/Meteorology)
  calcofi:
    target_name: ingest_calcofi_mets
    workflow_type: ingest
    dependency:
      - ingest_swfsc_ichthyo
    output: data/parquet/calcofi_mets/manifest.json
    modifies:
      - ship
    provider: calcofi
    dataset: mets
    workflow_url: https://calcofi.io/workflows/ingest_calcofi_mets.html
    questions_file: metadata/calcofi/mets/questions.csv
    dataset_meta:
      dataset_name: CalCOFI METS (Underway TSG/Meteorology)
      description: |
        Shipboard underway thermosalinograph (TSG) and meteorology data, ~1-minute resolution, recorded continuously along the cruise track.
      citation_main: CalCOFI. Underway (METS) TSG/Meteorology Data. CalCOFI.org.
      link_calcofi_org: https://calcofi.org/data/oceanographic-data/underway/
      link_data_source: https://calcofi.org/data/oceanographic-data/underway/
      coverage_temporal: 2004-01 to 2022-11
      coverage_spatial: 28-37°N, -125 to -117°W
    tables_owned:
      - table: sample
        shared: true
        note: core event dimension (underway grain)
      - table: obs
        shared: true
        note: core observations (env, from mets_thin)
      - table: obs_mets_full
        supplemental: true
        note: full ~1-min series (~20.6M rows), opt-in
      - table: measurement_type
        shared: true
        note: shared registry across bottle/ctd/dic/mets
    erd:
      color: '#cce5ff'
  
Output created: _output/ingest_calcofi_mets.html

✔ ingest_calcofi_mets completed [6m 51.1s, 23.42 kB]
+ ingest_calcofi_phytoplankton dispatched
[31m

processing file: ingest_calcofi_phytoplankton.qmd
[39m1/21                     
2/21 [setup]             
3/21                     
4/21 [download]          
5/21                     
6/21 [parse]             
7/21                     
8/21 [region]            
9/21                     
10/21 [sample]            
11/21                     
12/21 [taxon-measurement] 
13/21                     
14/21 [emit_core]         
15/21                     
16/21 [finalize]          
17/21                     
18/21 [provider-questions]
19/21                     
20/21 [cleanup]           
21/21                     
[31moutput file: ingest_calcofi_phytoplankton.knit.md

[39m[1mpandoc [22m
  to: html
  output-file: ingest_calcofi_phytoplankton.html
  standalone: true
  embed-resources: false
  section-divs: true
  html-math-method: mathjax
  wrap: none
  default-image-extension: png
  toc: true
  toc-depth: 4
  number-sections: true
  variables: {}
  
[1mmetadata[22m
  document-css: false
  link-citations: true
  lang: en
  date: now
  date-format: iso
  editor:
    mode: source
    markdown:
      wrap: 72
    canonical: true
  editor_options:
    chunk_output_type: console
  search: false
  toc-expand: 1
  lightbox: true
  title: Ingest CalCOFI Phytoplankton (Venrick)
  calcofi:
    target_name: ingest_calcofi_phytoplankton
    workflow_type: ingest
    dependency:
      - ingest_swfsc_ichthyo
    output: data/parquet/calcofi_phytoplankton/manifest.json
    provider: calcofi
    dataset: phytoplankton
    workflow_url: https://calcofi.io/workflows/ingest_calcofi_phytoplankton.html
    questions_file: metadata/calcofi/phytoplankton/questions.csv
    dataset_meta:
      dataset_name: CalCOFI Phytoplankton (Venrick)
      description: |
        Abundance and species composition of phytoplankton (385 taxonomic categories) in the California Current, 1996-2022, by inverted-microscope counts (E. Venrick). Samples from the near-surface "second depth" are pooled across stations into four regions (NE, SE, Alley, Offshore; Hayward & Venrick 1998) before counting, so the grain is cruise x region, not per-station. Source: EDI knb-lter-cce.254.4.
      citation_main: ''
      link_calcofi_org: https://calcofi.org/data/marine-ecosystem-data/phytoplankton-bacterioplankton/
      link_data_source: https://portal.edirepository.org/nis/mapbrowse?packageid=knb-lter-cce.254.4
      link_others: []
      coverage_temporal: 1996 to 2022
      coverage_spatial: CalCOFI region (4 pooled sub-regions)
      license: ''
      pi_names: Elizabeth L. Venrick
    tables_owned:
      - table: sample
        shared: true
        note: core event dimension (region_pool grain, no grid_key)
      - table: obs
        shared: true
        note: core occurrence headline (bio, cell abundance by taxon)
      - table: taxon
        shared: true
        note: shared taxa reference
      - table: dataset_taxon
        shared: true
        note: species_code -> taxon_key crosswalk
      - table: taxon_group
        shared: true
        note: phytoplankton functional groups
      - table: region
      - table: measurement_type
        shared: true
    erd:
      color: '#b5e8b0'
  
Output created: _output/ingest_calcofi_phytoplankton.html

✔ ingest_calcofi_phytoplankton completed [24.4s, 3.69 kB]
+ ingest_cce_lter_picoplankton_bacteria dispatched
[31m

processing file: ingest_cce-lter_picoplankton-bacteria.qmd
[39m1/37                             
2/37 [unnamed-chunk-1]           
3/37                             
4/37 [setup]                     
5/37                             
6/37 [read-source]               
7/37                             
8/37 [clean-cast]                
9/37                             
10/37 [pivot-long]                
11/37                             
12/37 [register-measurement-types]
13/37                             
14/37 [resolve-keys]              
15/37                             
16/37 [spatial]                   
17/37                             
18/37 [load-dataset-metadata]     
19/37                             
20/37 [schema]                    
21/37                             
22/37 [validate]                  
23/37                             
24/37 [preview]                   
25/37                             
26/37 [emit_core]                 
27/37                             
28/37 [write-parquet]             
29/37                             
30/37 [write-metadata]            
31/37                             
32/37 [upload-gcs]                
33/37                             
34/37 [provider-questions]        
35/37                             
36/37 [cleanup]                   
37/37                             
[31moutput file: ingest_cce-lter_picoplankton-bacteria.knit.md

[39m[1mpandoc [22m
  to: html
  output-file: ingest_cce-lter_picoplankton-bacteria.html
  standalone: true
  embed-resources: false
  section-divs: true
  html-math-method: mathjax
  wrap: none
  default-image-extension: png
  toc: true
  toc-depth: 4
  number-sections: true
  variables: {}
  
[1mmetadata[22m
  document-css: false
  link-citations: true
  lang: en
  date: now
  date-format: iso
  editor:
    mode: source
    markdown:
      wrap: 72
    canonical: true
  editor_options:
    chunk_output_type: console
  search: false
  toc-expand: 1
  lightbox: true
  title: Ingest CCE-LTER Picoplankton and Bacteria Abundance
  calcofi:
    target_name: ingest_cce_lter_picoplankton_bacteria
    workflow_type: ingest
    dependency:
      - ingest_swfsc_ichthyo
    output: data/parquet/cce-lter_picoplankton-bacteria/manifest.json
    provider: cce-lter
    dataset: picoplankton-bacteria
    workflow_url: https://calcofi.io/workflows/ingest_cce-lter_picoplankton-bacteria.html
    questions_file: metadata/cce-lter/picoplankton-bacteria/questions.csv
    dataset_meta:
      dataset_name: Picoplankton and Bacteria Abundance (CalCOFI Cruise)
      description: |
        Picophytoplankton (Prochlorococcus, Synechococcus, picoeukaryotes) and heterotrophic bacteria abundances analyzed by flow cytometry (FCM) from CCE-CalCOFI Augmented cruises in the California Current System, 2004-2023 (ongoing). Seawater collected from Niskin bottles at 3-8 depths per station; cells fixed shipboard with paraformaldehyde, stained with a DNA-specific dye, and enumerated on an Altra flow cytometer with dual argon-ion lasers.
      citation_main: Landry, M. (2004-2023). Picoplankton and Bacteria Abundance (CalCOFI Cruise). CCE LTER.
      link_calcofi_org: ''
      link_data_source: https://oceaninformatics.ucsd.edu/datazoo/catalogs/ccelter/datasets/159
      link_others:
        - http://dx.doi.org/10.6073/pasta/bc2915c8448214d2841b064a7414064b
      coverage_temporal: 2004-11-02 to 2023-07-18 (ongoing)
      coverage_spatial: CalCOFI grid (California Current Ecosystem)
      license: ''
      pi_names: Michael Landry
    tables_owned:
      - table: sample
        shared: true
        note: core event dimension (bottle grain)
      - table: obs
        shared: true
        note: core observations (env, flow-cytometry cell counts)
      - table: measurement_type
        shared: true
        note: shared registry across datasets
    erd:
      color: '#bbe0f0'
  
Output created: _output/ingest_cce-lter_picoplankton-bacteria.html

✔ ingest_cce_lter_picoplankton_bacteria completed [34.3s, 2.67 kB]
+ ingest_cce_lter_zooscan dispatched
[31m

processing file: ingest_cce-lter_zooscan.qmd
[39m1/45                        
2/45 [unnamed-chunk-1]      
3/45                        
4/45 [setup]                
5/45                        
6/45 [acquire]              
7/45                        
8/45 [clean]                
9/45                        
10/45 [taxon]                
11/45                        
12/45 [sample-keys]          
13/45                        
14/45 [spatial]              
15/45                        
16/45 [measurement]          
17/45                        
18/45 [add-measurement-type] 
19/45                        
20/45 [load-dataset-metadata]
21/45                        
22/45 [schema]               
23/45                        
24/45 [validate]             
25/45                        
26/45 [preview-sample]       
27/45                        
28/45 [preview-measurement]  
29/45                        
30/45 [preview-taxon]        
31/45                        
32/45 [emit_core]            
33/45                        
34/45 [write-parquet]        
35/45                        
36/45 [write-metadata]       
37/45                        
38/45 [upload-gcs]           
39/45                        
40/45 [provider-questions]   
41/45                        
42/45 [cleanup]              
43/45                        
44/45 [session_info]         
45/45                        
[31moutput file: ingest_cce-lter_zooscan.knit.md

[39m[1mpandoc [22m
  to: html
  output-file: ingest_cce-lter_zooscan.html
  standalone: true
  embed-resources: false
  section-divs: true
  html-math-method: mathjax
  wrap: none
  default-image-extension: png
  toc: true
  toc-depth: 4
  number-sections: true
  variables: {}
  
[1mmetadata[22m
  document-css: false
  link-citations: true
  lang: en
  date: now
  date-format: iso
  editor:
    mode: source
    markdown:
      wrap: 72
    canonical: true
  editor_options:
    chunk_output_type: console
  search: false
  toc-expand: 1
  lightbox: true
  title: Ingest CCE-LTER ZooScan PRPOOS
  calcofi:
    target_name: ingest_cce_lter_zooscan
    workflow_type: ingest
    dependency:
      - ingest_swfsc_ichthyo
    output: data/parquet/cce-lter_zooscan/manifest.json
    provider: cce-lter
    dataset: zooscan
    workflow_url: https://calcofi.io/workflows/ingest_cce-lter_zooscan.html
    questions_file: metadata/cce-lter/zooscan/questions.csv
    dataset_meta:
      dataset_name: ZooScan PRPOOS Zooplankton
      description: |
        Zooplankton abundance, carbon biomass, and size (Feret diameter, individual carbon content) from ZooScan optical imaging of CalCOFI / CCE-LTER PRPOOS net tows on lines 80, 87 and 90, 2005-present, machine-classified into 23 bioclasses (copepod groups, euphausiids, chaetognaths, appendicularians, salps, doliolids, pteropods, rhizaria and more). One row per (sample, taxon, measurement_type); per-station tows. Source: SIO Ocean Informatics ZooScan portal (Ohman Lab; interface by Marina Frants).
      citation_main: ''
      citation_others: Plankton sample analysis supported by NSF grants to M.D. Ohman and the CCE-LTER site.
      link_calcofi_org: https://calcofi.org/data/marine-ecosystem-data/zooplankton/
      link_data_source: https://oceaninformatics.ucsd.edu/zooscandb/
      link_others: []
      coverage_temporal: 2005-07 to 2026-04
      coverage_spatial: CalCOFI lines 80, 87, 90 (Southern California)
      license: ''
      pi_names: Mark D. Ohman; Marina Frants
    tables_owned:
      - table: sample
        shared: true
        note: core event dimension (tow grain)
      - table: obs
        shared: true
        note: core occurrence headline (bio, zooplankton abundance)
      - table: taxon
        shared: true
        note: shared taxa reference
      - table: dataset_taxon
        shared: true
        note: zooscan taxon_id -> taxon_key crosswalk
      - table: measurement_type
        shared: true
        note: shared registry across datasets
    erd:
      color: '#c2e8f0'
  
Output created: _output/ingest_cce-lter_zooscan.html

✔ ingest_cce_lter_zooscan completed [25.5s, 3.40 kB]
+ ingest_sio_mesopelagic_fish dispatched
[31m

processing file: ingest_sio_mesopelagic-fish.qmd
[39m1/23                     
2/23 [setup]             
3/23                     
4/23 [read-source]       
5/23                     
6/23 [build]             
7/23                     
8/23 [taxon-worms]       
9/23                     
10/23 [add-spatial]       
11/23                     
12/23 [measurement-types] 
13/23                     
14/23 [schema]            
15/23                     
16/23 [emit_core]         
17/23                     
18/23 [finalize]          
19/23                     
20/23 [provider-questions]
21/23                     
22/23 [cleanup]           
23/23                     
[31moutput file: ingest_sio_mesopelagic-fish.knit.md

[39m[1mpandoc [22m
  to: html
  output-file: ingest_sio_mesopelagic-fish.html
  standalone: true
  embed-resources: false
  section-divs: true
  html-math-method: mathjax
  wrap: none
  default-image-extension: png
  toc: true
  toc-depth: 4
  number-sections: true
  variables: {}
  
[1mmetadata[22m
  document-css: false
  link-citations: true
  lang: en
  date: now
  date-format: iso
  editor:
    mode: source
    markdown:
      wrap: 72
    canonical: true
  editor_options:
    chunk_output_type: console
  search: false
  toc-expand: 1
  lightbox: true
  title: Ingest UCSD SIO Mesopelagic Fish
  calcofi:
    target_name: ingest_sio_mesopelagic_fish
    workflow_type: ingest
    dependency:
      - ingest_swfsc_ichthyo
    output: data/parquet/sio_mesopelagic-fish/manifest.json
    provider: sio
    dataset: mesopelagic-fish
    workflow_url: https://calcofi.io/workflows/ingest_sio_mesopelagic-fish.html
    questions_file: metadata/sio/mesopelagic-fish/questions.csv
    dataset_meta:
      dataset_name: UCSD SIO Mesopelagic Fish
      description: |
        Species-resolved mesopelagic fish counts (90 named species + 1 unidentified-fish catch-all) from MOHT (Matsuda-Oozeki-Hu Trawl) micronekton net tows, 7 CalCOFI cruises 2010-2012, all on RV New Horizon (NODC 32NM). Larval-fish counts in the same source file are a separate table, not included here.
      citation_main: |
        Koslow, J. Anthony (2016). CalCOFI Trawl Data. In California Cooperative Oceanic Fisheries Investigations (CalCOFI): Acoustic and Trawl Data. UC San Diego Library Digital Collections. https://doi.org/10.6075/J0BZ64DH
      link_calcofi_org: ''
      link_data_source: https://library.ucsd.edu/dc/object/bb9217084g
      link_others:
        - https://doi.org/10.1016/j.pocean.2013.05.013
      coverage_temporal: 2010-01 to 2012-02
      coverage_spatial: CalCOFI grid (7 cruises with MOHT tows)
      license: CC BY 4.0
      pi_names: J. Anthony Koslow
    tables_owned:
      - table: sample
        shared: true
        note: core event dimension (tow grain)
      - table: obs
        shared: true
        note: core occurrence headline (bio, per-tow tally)
      - table: taxon
        shared: true
        note: shared taxa reference
      - table: dataset_taxon
        shared: true
        note: scientific name -> taxon_key crosswalk
      - table: measurement_type
        shared: true
    erd:
      color: '#bbe0f0'
  
Output created: _output/ingest_sio_mesopelagic-fish.html

✔ ingest_sio_mesopelagic_fish completed [3m 5.4s, 3.19 kB]
+ ingest_sio_pic_zooplankton dispatched
[31m

processing file: ingest_sio_pic-zooplankton.qmd
[39m1/33                        
2/33 [unnamed-chunk-1]      
3/33                        
4/33 [setup]                
5/33                        
6/33 [read-source]          
7/33                        
8/33 [clean-filter]         
9/33                        
10/33 [resolve-keys]         
11/33                        
12/33 [spatial]              
13/33                        
14/33 [load-dataset-metadata]
15/33                        
16/33 [schema]               
17/33                        
18/33 [validate]             
19/33                        
20/33 [preview]              
21/33                        
22/33 [emit_core]            
23/33                        
24/33 [write-parquet]        
25/33                        
26/33 [write-metadata]       
27/33                        
28/33 [upload-gcs]           
29/33                        
30/33 [provider-questions]   
31/33                        
32/33 [cleanup]              
33/33                        
[31moutput file: ingest_sio_pic-zooplankton.knit.md

[39m[1mpandoc [22m
  to: html
  output-file: ingest_sio_pic-zooplankton.html
  standalone: true
  embed-resources: false
  section-divs: true
  html-math-method: mathjax
  wrap: none
  default-image-extension: png
  toc: true
  toc-depth: 4
  number-sections: true
  variables: {}
  
[1mmetadata[22m
  document-css: false
  link-citations: true
  lang: en
  date: now
  date-format: iso
  editor:
    mode: source
    markdown:
      wrap: 72
    canonical: true
  editor_options:
    chunk_output_type: console
  search: false
  toc-expand: 1
  lightbox: true
  title: Ingest SIO PIC Zooplankton Net Tows
  calcofi:
    target_name: ingest_sio_pic_zooplankton
    workflow_type: ingest
    dependency:
      - ingest_swfsc_ichthyo
    output: data/parquet/sio_pic-zooplankton/manifest.json
    provider: sio
    dataset: pic-zooplankton
    workflow_url: https://calcofi.io/workflows/ingest_sio_pic-zooplankton.html
    questions_file: metadata/sio/pic-zooplankton/questions.csv
    dataset_meta:
      dataset_name: SIO PIC Zooplankton Net Tows
      description: |
        Zooplankton net-tow sample registry from the SIO Pelagic Invertebrate Collection, filtered to the CalCOFI region. Position, time, depth, and gear metadata per tow. Biovolume measurements are not in the source file and are pending from the provider (see Questions for Data Providers).
      citation_main: ''
      link_calcofi_org: ''
      link_data_source: SIO Pelagic Invertebrate Collection DB (CSV export)
      link_others: []
      coverage_temporal: 1926 to present (CalCOFI-region subset)
      coverage_spatial: CalCOFI grid (~23-51N, -135 to -117W incl. Baja)
      license: ''
      pi_names: Rasmus Swalethorp; Ed Weber; Linsey Sala
    tables_owned:
      - table: sample
        shared: true
        note: core event dimension (tow grain; effort/position only)
    erd:
      color: '#bbe0f0'
  
Output created: _output/ingest_sio_pic-zooplankton.html

✔ ingest_sio_pic_zooplankton completed [24.2s, 1.47 kB]
+ ingest_cdfw_dungeness_crab dispatched
[31m

processing file: ingest_cdfw_dungeness-crab.qmd
[39m1/59                     
2/59 [unnamed-chunk-1]   
3/59                     
4/59 [setup]             
5/59                     
6/59 [read-source]       
7/59                     
8/59 [methods-note]      
9/59                     
10/59 [resolve-keys]      
11/59                     
12/59 [match-sites]       
13/59                     
14/59 [build-sample]      
15/59                     
16/59 [build-measurement] 
17/59                     
18/59 [build-carapace]    
19/59                     
20/59 [build-sorting-log] 
21/59                     
22/59 [build-specimen]    
23/59                     
24/59 [enforce-types]     
25/59                     
26/59 [spatial]           
27/59                     
28/59 [meas-types]        
29/59                     
30/59 [emit-core]         
31/59                     
32/59 [core-parity]       
33/59                     
34/59 [compat-views]      
35/59                     
36/59 [schema-core]       
37/59                     
38/59 [source-to-core]    
39/59                     
40/59 [schema]            
41/59                     
42/59 [validate]          
43/59                     
44/59 [preview-sample]    
45/59                     
46/59 [preview-positive]  
47/59                     
48/59 [preview-sorting]   
49/59                     
50/59 [preview-specimen]  
51/59                     
52/59 [provider-questions]
53/59                     
54/59 [outputs]           
55/59                     
56/59 [metadata-gaps]     
57/59                     
58/59 [cleanup]           
59/59                     
[31moutput file: ingest_cdfw_dungeness-crab.knit.md

[39m[1mpandoc [22m
  to: html
  output-file: ingest_cdfw_dungeness-crab.html
  standalone: true
  embed-resources: false
  section-divs: true
  html-math-method: mathjax
  wrap: none
  default-image-extension: png
  toc: true
  toc-depth: 4
  number-sections: true
  variables: {}
  
[1mmetadata[22m
  document-css: false
  link-citations: true
  lang: en
  date: now
  date-format: iso
  editor:
    mode: source
    markdown:
      wrap: 72
    canonical: true
  editor_options:
    chunk_output_type: console
  search: false
  toc-expand: 1
  lightbox: true
  title: Ingest CDFW Dungeness Crab Megalopae
  calcofi:
    target_name: ingest_cdfw_dungeness_crab
    workflow_type: ingest
    dependency:
      - ingest_swfsc_ichthyo
    output: data/parquet/cdfw_dungeness-crab/manifest.json
    provider: cdfw
    dataset: dungeness-crab
    in_release: false
    workflow_url: https://calcofi.io/workflows/ingest_cdfw_dungeness-crab.html
    questions_file: metadata/cdfw/dungeness-crab/questions.csv
    dataset_meta:
      dataset_name: CDFW Dungeness Crab Megalopae
      description: |
        Dungeness crab (Metacarcinus magister) megalopae and larval decapods picked from archived CalCOFI oblique-tow plankton samples, examined for the California Department of Fish and Wildlife. Two efforts: a 2008-2014 time series of 310 sorted samples (A. Klemmedson, 2015) yielding 24 M. magister megalopae from 14 samples, and a 1949-2009 master sorting log of 2,011 archived samples (E. Jones, as of 2012-02-15) recording which had been examined. Spring cruises, CalBOBL oblique tows, lines < 80 / stations < 90. Counts are occurrence in the examined aliquot, not standardized density. Sorting was performed at the SIO Pelagic Invertebrate Collection, where the removed megalopae are archived in vials.
      citation_main: ''
      link_calcofi_org: ''
      link_data_source: ''
      link_others: []
      coverage_temporal: 1949 to 2014
      coverage_spatial: California Current, San Francisco north to Washington
      license: ''
      pi_names: Laura Rogers-Bennett
    tables_owned:
      - table: sample
        shared: true
        note: core event dimension (310 examined subsamples + 2,011 sorting-log tows)
      - table: obs
        shared: true
        note: 'core occurrence headline: counts x 4 resolved taxa, plus 216 zero-valued absences from the sorting log'
      - table: obs_attribute
        shared: true
        note: per-individual M. magister carapace lengths
      - table: sample_measurement
        shared: true
        note: event-level effort (prop_sorted, settled volume)
      - table: taxon
        shared: true
        note: shared taxa reference
      - table: dataset_taxon
        shared: true
        note: raw count label -> taxon_key crosswalk
    erd:
      color: '#f5d5b8'
  
Output created: _output/ingest_cdfw_dungeness-crab.html

✔ ingest_cdfw_dungeness_crab completed [13.5s, 3.92 kB]
+ ingest_calcofi_dic dispatched
[31m

processing file: ingest_calcofi_dic.qmd
[39m1/55                          
2/55 [unnamed-chunk-1]        
3/55                          
4/55 [setup]                  
5/55                          
6/55 [read-source]            
7/55                          
8/55 [clean-data]             
9/55                          
10/55 [load-to-db]             
11/55                          
12/55 [load-casts]             
13/55                          
14/55 [match-casts]            
15/55                          
16/55 [match-bottles]          
17/55                          
18/55 [pivot-measurements]     
19/55                          
20/55 [dic-measurement-summary]
21/55                          
22/55 [load-dataset-metadata]  
23/55                          
24/55 [add-measurement-types]  
25/55                          
26/55 [verify-pks]             
27/55                          
28/55 [schema]                 
29/55                          
30/55 [spatial]                
31/55                          
32/55 [preview-dic-sample]     
33/55                          
34/55 [preview-dic-measurement]
35/55                          
36/55 [preview-dic-summary]    
37/55                          
38/55 [emit_core]              
39/55                          
40/55 [write-parquet]          
41/55                          
42/55 [write-metadata]         
43/55                          
44/55 [show_metadata_json]     
45/55                          
46/55 [show_relationships_json]
47/55                          
48/55 [upload-gcs]             
49/55                          
50/55 [provider-questions]     
51/55                          
52/55 [cleanup]                
53/55                          
54/55 [session_info]           
55/55                          
[31moutput file: ingest_calcofi_dic.knit.md

[39m[1mpandoc [22m
  to: html
  output-file: ingest_calcofi_dic.html
  standalone: true
  embed-resources: false
  section-divs: true
  html-math-method: mathjax
  wrap: none
  default-image-extension: png
  toc: true
  toc-depth: 4
  number-sections: true
  variables: {}
  
[1mmetadata[22m
  document-css: false
  link-citations: true
  lang: en
  date: now
  date-format: iso
  editor:
    mode: source
    markdown:
      wrap: 72
    canonical: true
  editor_options:
    chunk_output_type: console
  search: false
  toc-expand: 1
  lightbox: true
  title: Ingest DIC
  calcofi:
    target_name: ingest_calcofi_dic
    workflow_type: ingest
    dependency:
      - ingest_calcofi_bottle
    output: data/parquet/calcofi_dic/manifest.json
    provider: calcofi
    dataset: dic
    workflow_url: https://calcofi.io/workflows/ingest_calcofi_dic.html
    questions_file: metadata/calcofi/dic/questions.csv
    dataset_meta:
      dataset_name: CalCOFI DIC
      description: |
        Discrete profile dissolved inorganic carbon (DIC) and total alkalinity (TA) from CalCOFI Niskin bottle samples, quality-controlled using WOCE flagging.
      citation_main: Keeling, C.D.; Lueker, T.J.; Emanuele, G.; Dickson, A.G.; Martz, T.R.; Wolfe, W.H.; Mau, A. (2025). Discrete profile dissolved inorganic carbon, total alkalinity, water temperature and salinity measurements for CalCOFI (NCEI Accession 0301029). NOAA NCEI. https://doi.org/10.25921/3w9f-jd72
      link_calcofi_org: https://calcofi.org/data/oceanographic-data/dic/
      link_data_source: https://www.ncei.noaa.gov/access/metadata/landing-page/bin/iso?id=gov.noaa.nodc:0301029
      link_others:
        - https://doi.org/10.25921/3w9f-jd72
      coverage_temporal: 1983-03 to 2021-07
      coverage_spatial: 28-37°N, -125 to -117°W
      license: CC BY 4.0
      pi_names: Todd Martz; Aaron Mau
    tables_owned:
      - table: sample
        shared: true
        note: core event dimension (bottle grain; non-shared Niskins only)
      - table: obs
        shared: true
        note: core observations (env, DIC + alkalinity)
      - table: measurement_type
        shared: true
        note: shared registry across bottle/ctd/dic
    erd:
      color: '#ffd2bb'
  
Output created: _output/ingest_calcofi_dic.html

✔ ingest_calcofi_dic completed [23.1s, 2.48 kB]
+ release_database dispatched
[31m

processing file: release_database.qmd
[39m1/33                   
2/33 [gen_fig_workflow]
3/33                   
4/33 [setup]           
5/33                   
6/33 [assemble_working]
7/33                   
8/33 [dataset_ref]     
9/33                   
10/33 [core_tables]     
