[31m

processing file: publish_to-netcdf.qmd
[39m1/39                    
2/39 [unnamed-chunk-1]  
3/39                    
4/39 [setup]            
5/39                    
6/39 [connect]          
7/39                    
8/39 [measurement-meta] 
9/39                    
10/39 [plan]             
11/39                    
12/39 [plan-notes]       
13/39                    
14/39 [helpers]          
15/39                    
16/39 [build]            
17/39                    
18/39 [build-ragged]     
19/39                    
20/39 [build-point]      
21/39                    
22/39 [build-groups]     
23/39                    
24/39 [build-run]        
25/39                    
26/39 [build-summary]    
27/39                    
28/39 [supplemental]     
29/39                    
30/39 [verify]           
31/39                    
32/39 [double-count-demo]
33/39                    
34/39 [publish]          
35/39                    
36/39 [index]            
37/39                    
38/39 [cleanup]          
39/39                    
[31moutput file: publish_to-netcdf.knit.md

[39m[1mpandoc [22m
  to: html
  output-file: publish_to-netcdf.html
  standalone: true
  embed-resources: false
  section-divs: true
  html-math-method: mathjax
  wrap: none
  default-image-extension: png
  toc: true
  toc-depth: 3
  number-sections: true
  variables: {}
  
[1mmetadata[22m
  document-css: false
  link-citations: true
  lang: en
  date: today
  date-format: iso
  editor:
    mode: source
    markdown:
      wrap: 72
    canonical: true
  editor_options:
    chunk_output_type: console
  search: false
  toc-expand: 1
  lightbox: true
  title: Publish every dataset to CF NetCDF
  subtitle: 'One dataset-agnostic notebook: the sampling hierarchy in the core decides the file''s shape'
  author: CalCOFI
  calcofi:
    target_name: publish_to_netcdf
    workflow_type: publish
    dependency:
      - release_database
    output: data/netcdf/publish_plan.csv
    workflow_url: https://calcofi.io/workflows/publish_to-netcdf.html
    description: |
      Publishes every dataset in the frozen release as a self-documenting CF NetCDF file. Dataset-agnostic: the sampling hierarchy in the core decides each file's shape — CF profile, trajectory, point, or netCDF-4 groups — so one notebook replaces the former per-dataset CTD and ichthyoplankton publishers.
  
Output created: _output/publish_to-netcdf.html

