
Attaching package: ‘calcofi4db’

The following object is masked from ‘package:stats’:

    dt

Excluded 2 target(s): publish_ichthyo_to_obis, publish_to_netcdf
Parsed 22 pipeline workflows:
  bench_erddap_ctd (reference) -> _output/bench_erddap_ctd.html
  ctd_cast_qa_qc_protocol (reference) -> _output/ctd-cast_qa-qc-protocol.html
  ingest_calcofi_bottle (ingest) -> data/parquet/calcofi_bottle/manifest.json [deps: ingest_swfsc_ichthyo]
  ingest_calcofi_ctd_cast (ingest) -> data/parquet/calcofi_ctd-cast/manifest.json [deps: ingest_swfsc_ichthyo]
  ingest_calcofi_dic (ingest) -> data/parquet/calcofi_dic/manifest.json [deps: ingest_calcofi_bottle]
  ingest_calcofi_mets (ingest) -> data/parquet/calcofi_mets/manifest.json [deps: ingest_swfsc_ichthyo]
  ingest_calcofi_phyllosoma (ingest) -> data/parquet/calcofi_phyllosoma/manifest.json [deps: ingest_swfsc_ichthyo]
  ingest_calcofi_phytoplankton (ingest) -> data/parquet/calcofi_phytoplankton/manifest.json [deps: ingest_swfsc_ichthyo]
  ingest_cce_lter_euphausiids (ingest) -> data/parquet/cce-lter_euphausiids/manifest.json [deps: ingest_swfsc_ichthyo]
  ingest_cce_lter_picoplankton_bacteria (ingest) -> data/parquet/cce-lter_picoplankton-bacteria/manifest.json [deps: ingest_swfsc_ichthyo]
  ingest_cce_lter_zoodb (ingest) -> data/parquet/cce-lter_zoodb/manifest.json [deps: ingest_swfsc_ichthyo]
  ingest_cce_lter_zooscan (ingest) -> data/parquet/cce-lter_zooscan/manifest.json [deps: ingest_swfsc_ichthyo]
  ingest_cdfw_dungeness_crab (ingest) -> data/parquet/cdfw_dungeness-crab/manifest.json [deps: ingest_swfsc_ichthyo]
  ingest_farallon_bird_mammal (ingest) -> data/parquet/farallon_bird-mammal/manifest.json [deps: ingest_swfsc_ichthyo]
  ingest_sio_mesopelagic_fish (ingest) -> data/parquet/sio_mesopelagic-fish/manifest.json [deps: ingest_swfsc_ichthyo]
  ingest_sio_pic_zooplankton (ingest) -> data/parquet/sio_pic-zooplankton/manifest.json [deps: ingest_swfsc_ichthyo]
  ingest_spatial (spatial) -> data/parquet/spatial/manifest.json
  ingest_swfsc_cufes (ingest) -> data/parquet/swfsc_cufes/manifest.json [deps: ingest_swfsc_ichthyo]
  ingest_swfsc_ichthyo (ingest) -> data/parquet/swfsc_ichthyo/manifest.json
  publish_to_erddap (publish) -> data/erddap/datasets_calcofi.xml [deps: release_database]
  release_database (release) -> data/releases [deps: auto]
  test_release (test) -> _output/test_release.html [deps: release_database]
+ release_database dispatched
[31m

processing file: release_database.qmd
[39m1/35                   
2/35 [gen_fig_workflow]
3/35                   
4/35 [setup]           
5/35                   
6/35 [assemble_working]
7/35                   
8/35 [dataset_ref]     
9/35                   
10/35 [core_tables]     
11/35                   
12/35 [core_by_dataset] 
13/35                   
14/35 [core_parity]     
15/35                   
16/35 [scan_mismatches] 
17/35                   
18/35 [validate]        
19/35                   
20/35 [unnamed-chunk-1] 
21/35                   
22/35 [combined_schema] 
23/35                   
24/35 [normalize_crs]   
25/35                   
26/35 [freeze_release]  
27/35                   
28/35 [release_notes]   
29/35                   
30/35 [upload_frozen]   
[31mCopying file:///Users/bbest/Github/CalCOFI/workflows/data/releases/v2026.08.03/parquet/cruise.parquet to gs://calcofi-db/ducklake/releases/v2026.08.03/parquet/cruise.parquet
[39m[31m  
[39m[31m.......
[39m[31mCopying file:///Users/bbest/Github/CalCOFI/workflows/data/releases/v2026.08.03/parquet/dataset_taxon.parquet to gs://calcofi-db/ducklake/releases/v2026.08.03/parquet/dataset_taxon.parquet
[39m[31m  
[39m[31m........
[39m[31mCopying file:///Users/bbest/Github/CalCOFI/workflows/data/releases/v2026.08.03/parquet/grid.parquet to gs://calcofi-db/ducklake/releases/v2026.08.03/parquet/grid.parquet
[39m[31m  
[39m[31m.............
[39m[31mCopying file:///Users/bbest/Github/CalCOFI/workflows/data/releases/v2026.08.03/parquet/measurement_type.parquet to gs://calcofi-db/ducklake/releases/v2026.08.03/parquet/measurement_type.parquet
[39m[31m  
[39m[31m.................
[39m[31mCopying file:///Users/bbest/Github/CalCOFI/workflows/data/releases/v2026.08.03/parquet/obs_attribute.parquet to gs://calcofi-db/ducklake/releases/v2026.08.03/parquet/obs_attribute.parquet
[39m[31m  
[39m[31m..............................................................
[39m[31mCopying file:///Users/bbest/Github/CalCOFI/workflows/data/releases/v2026.08.03/parquet/obs.parquet to gs://calcofi-db/ducklake/releases/v2026.08.03/parquet/obs.parquet
[39m[31m  
[39m[31m.....................................................................................................................................................................................................................................................................................................................................................................................................................................................................................................................................................................................................................................................................................................................................................................................................................................................................................................................................................................................................................................................................................................................................................................................................................................................................................................................................................................................................................................................................................................................................................................................................................................................................................................................................................................................................................................................................................................................................................................................................................................................................................................................................................................................................................................................................................................................................................................................................................................................................................................................................................................................................................................................................................................................................................................................................................................................................................................................................................................................................................................................................................................................................................................................................................................................................................................................................................................................................................................................................................................................................................................................................................................................................................................................................................................................................................................................................................................................................................................................................................
[39m[31m
Average throughput: 444.7kiB/s
[39m[31mCopying file:///Users/bbest/Github/CalCOFI/workflows/data/releases/v2026.08.03/parquet/sample_measurement.parquet to gs://calcofi-db/ducklake/releases/v2026.08.03/parquet/sample_measurement.parquet
[39m[31m  
[39m[31m.........................................
[39m[31mCopying file:///Users/bbest/Github/CalCOFI/workflows/data/releases/v2026.08.03/parquet/sample.parquet to gs://calcofi-db/ducklake/releases/v2026.08.03/parquet/sample.parquet
[39m[31m  
[39m[31m.................................................................................................................................................................................................................................................................................................................................................................................................................................................................................................................................................................
[39m[31m
Average throughput: 717.6kiB/s
[39m[31mCopying file:///Users/bbest/Github/CalCOFI/workflows/data/releases/v2026.08.03/parquet/ship.parquet to gs://calcofi-db/ducklake/releases/v2026.08.03/parquet/ship.parquet
[39m[31m  
[39m[31m.......
[39m[31mCopying file:///Users/bbest/Github/CalCOFI/workflows/data/releases/v2026.08.03/parquet/spatial.parquet to gs://calcofi-db/ducklake/releases/v2026.08.03/parquet/spatial.parquet
[39m[31m  
[39m[31m............................................................................................................................................................................................................................................................................
[39m[31m
Average throughput: 2.1MiB/s
[39m[31mCopying file:///Users/bbest/Github/CalCOFI/workflows/data/releases/v2026.08.03/parquet/taxon_group.parquet to gs://calcofi-db/ducklake/releases/v2026.08.03/parquet/taxon_group.parquet
[39m[31m  
[39m[31m.......
[39m[31mCopying file:///Users/bbest/Github/CalCOFI/workflows/data/releases/v2026.08.03/parquet/taxon.parquet to gs://calcofi-db/ducklake/releases/v2026.08.03/parquet/taxon.parquet
[39m[31m  
[39m[31m.........
[39m[31mError:
! GCS copy failed for derived partitioned obs_ctd_full: Copying file:///Users/bbest/Github/CalCOFI/workflows/data/releases/v2026.08.03/parquet/obs_ctd_full/cruise_key=1998-02-31JD/data_0.parquet to gs://calcofi-db/ducklake/releases/v2026.08.03/parquet/obs_ctd_full/cruise_key=1998-02-31JD/data_0.parquet
Copying file:///Users/bbest/Github/CalCOFI/workflows/data/releases/v2026.08.03/parquet/obs_ctd_full/cruise_key=1998-04-31JD/data_0.parquet to gs://calcofi-db/ducklake/releases/v2026.08.03/parquet/obs_ctd_full/cruise_key=1998-04-31JD/data_0.parquet
  
Copying file:///Users/bbest/Github/CalCOFI/workflows/data/releases/v2026.08.03/parquet/obs_ctd_full/cruise_key=1998-07-32NM/data_0.parquet to gs://calcofi-db/ducklake/releases/v2026.08.03/parquet/obs_ctd_full/cruise_key=1998-07-32NM/data_0.parquet
Copying file:///Users/bbest/Github/CalCOFI/workflows/data/releases/v2026.08.03/parquet/obs_ctd_full/cruise_key=2003-02-31JD/data_0.parquet to gs://calcofi-db/ducklake/releases/v2026.08.03/parquet/obs_ctd_full/cruise_key=2003-02-31JD/data_0.parquet
Copying file:///Users/bbest/Github/CalCOFI/workflows/data/releases/v2026.08.03/parquet/obs_ctd_full/cruise_key=2003-07-32NM/data_0.parquet to gs://calcofi-db/ducklake/releases/v2026.08.03/parquet/obs_ctd_full/cruise_key=2003-07-32NM/data_0.parquet
Copying file:///Users/bbest/Github/CalCOFI/workflows/data/releases/v2026.08.03/parquet/obs_ctd_full/cruise_key=2003-10-32NM/data_0.parquet to gs://calcofi-db/ducklake/releases/v2026.08.03/parquet/obs_ctd_full/cruise_key=2003-10-32NM/data_0.parquet
Copying file:///Users/bbest/Github/CalCOFI/workflows/data/releases/v2026.08.03/parquet/obs_ctd_full/cruise_key=2004-01-31JD/data_0.parquet to gs://calcofi-db/ducklake/releases/v2026.08.03/parquet/obs_ctd_full/cruise_key=2004-01-31JD/data_0.parquet
Copying file:///Users/bbest/Github/CalCOFI/workflows/data/releases/v2026.08.03/parquet/obs_ctd_full/cruise_key=2004-04-31JD/data_0.parquet to gs://calcofi-db/ducklake/releases/v2026.08.03/parquet/obs_ctd_full/cruise_key=2004-04-31JD/data_0.parquet
Copying file:///Users/bbest/Github/CalCOFI/workflows/data/releases/v2026.08.03/parquet/obs_ctd_full/cruise_key=2004-04-32NM/data_0.parquet to gs://calcofi-db/ducklake/releases/v2026.08.03/parquet/obs_ctd_full/cruise_key=2004-04-32NM/data_0.parquet
Copying file:///Users/bbest/Github/CalCOFI/workflows/data/releases/v2026.08.03/parquet/obs_ctd_full/cruise_key=2004-07-31JD/data_0.parquet to gs://calcofi-db/ducklake/releases/v2026.08.03/parquet/obs_ctd_full/cruise_key=2004-07-31JD/data_0.parquet
Copying file:///Users/bbest/Github/CalCOFI/workflows/data/releases/v2026.08.03/parquet/obs_ctd_full/cruise_key=2004-11-33RR/data_0.parquet to gs://calcofi-db/ducklake/releases/v2026.08.03/parquet/obs_ctd_full/cruise_key=2004-11-33RR/data_0.parquet
Copying file:///Users/bbest/Github/CalCOFI/workflows/data/releases/v2026.08.03/parquet/obs_ctd_full/cruise_key=2005-01-32NM/data_0.parquet to gs://calcofi-db/ducklake/releases/v2026.08.03/parquet/obs_ctd_full/cruise_key=2005-01-32NM/data_0.parquet
Copying file:///Users/bbest/Github/CalCOFI/workflows/data/releases/v2026.08.03/parquet/obs_ctd_full/cruise_key=2005-04-32NM/data_0.parquet to gs://calcofi-db/ducklake/releases/v2026.08.03/parquet/obs_ctd_full/cruise_key=2005-04-32NM/data_0.parquet
Copying file:///Users/bbest/Github/CalCOFI/workflows/data/releases/v2026.08.03/parquet/obs_ctd_full/cruise_key=2005-07-32NM/data_0.parquet to gs://calcofi-db/ducklake/releases/v2026.08.03/parquet/obs_ctd_full/cruise_key=2005-07-32NM/data_0.parquet
Copying file:///Users/bbest/Github/CalCOFI/workflows/data/releases/v2026.08.03/parquet/obs_ctd_full/cruise_key=2005-11-32NM/data_0.parquet to gs://calcofi-db/ducklake/releases/v2026.08.03/parquet/obs_ctd_full/cruise_key=2005-11-32NM/data_0.parquet
Copying file:///Users/bbest/Github/CalCOFI/workflows/data/releases/v2026.08.03/parquet/obs_ctd_full/cruise_key=2006-02-31JD/data_0.parquet to gs://calcofi-db/ducklake/releases/v2026.08.03/parquet/obs_ctd_full/cruise_key=2006-02-31JD/data_0.parquet
Copying file:///Users/bbest/Github/CalCOFI/workflows/data/releases/v2026.08.03/parquet/obs_ctd_full/cruise_key=2006-04-32NM/data_0.parquet to gs://calcofi-db/ducklake/releases/v2026.08.03/parquet/obs_ctd_full/cruise_key=2006-04-32NM/data_0.parquet
Copying file:///Users/bbest/Github/CalCOFI/workflows/data/releases/v2026.08.03/parquet/obs_ctd_full/cruise_key=2006-07-32NM/data_0.parquet to gs://calcofi-db/ducklake/releases/v2026.08.03/parquet/obs_ctd_full/cruise_key=2006-07-32NM/data_0.parquet
Copying file:///Users/bbest/Github/CalCOFI/workflows/data/releases/v2026.08.03/parquet/obs_ctd_full/cruise_key=2006-10-33RR/data_0.parquet to gs://calcofi-db/ducklake/releases/v2026.08.03/parquet/obs_ctd_full/cruise_key=2006-10-33RR/data_0.parquet
Copying file:///Users/bbest/Github/CalCOFI/workflows/data/releases/v2026.08.03/parquet/obs_ctd_full/cruise_key=2007-01-31JD/data_0.parquet to gs://calcofi-db/ducklake/releases/v2026.08.03/parquet/obs_ctd_full/cruise_key=2007-01-31JD/data_0.parquet
Copying file:///Users/bbest/Github/CalCOFI/workflows/data/releases/v2026.08.03/parquet/obs_ctd_full/cruise_key=2007-04-31JD/data_0.parquet to gs://calcofi-db/ducklake/releases/v2026.08.03/parquet/obs_ctd_full/cruise_key=2007-04-31JD/data_0.parquet
Copying file:///Users/bbest/Github/CalCOFI/workflows/data/releases/v2026.08.03/parquet/obs_ctd_full/cruise_key=2007-07-32NM/data_0.parquet to gs://calcofi-db/ducklake/releases/v2026.08.03/parquet/obs_ctd_full/cruise_key=2007-07-32NM/data_0.parquet
Copying file:///Users/bbest/Github/CalCOFI/workflows/data/releases/v2026.08.03/parquet/obs_ctd_full/cruise_key=2007-11-32NM/data_0.parquet to gs://calcofi-db/ducklake/releases/v2026.08.03/parquet/obs_ctd_full/cruise_key=2007-11-32NM/data_0.parquet
Copying file:///Users/bbest/Github/CalCOFI/workflows/data/releases/v2026.08.03/parquet/obs_ctd_full/cruise_key=2008-01-31JD/data_0.parquet to gs://calcofi-db/ducklake/releases/v2026.08.03/parquet/obs_ctd_full/cruise_key=2008-01-31JD/data_0.parquet
Copying file:///Users/bbest/Github/CalCOFI/workflows/data/releases/v2026.08.03/parquet/obs_ctd_full/cruise_key=2008-04-31JD/data_0.parquet to gs://calcofi-db/ducklake/releases/v2026.08.03/parquet/obs_ctd_full/cruise_key=2008-04-31JD/data_0.parquet
Copying file:///Users/bbest/Github/CalCOFI/workflows/data/releases/v2026.08.03/parquet/obs_ctd_full/cruise_key=2008-08-32NM/data_0.parquet to gs://calcofi-db/ducklake/releases/v2026.08.03/parquet/obs_ctd_full/cruise_key=2008-08-32NM/data_0.parquet
Copying file:///Users/bbest/Github/CalCOFI/workflows/data/releases/v2026.08.03/parquet/obs_ctd_full/cruise_key=2008-10-32NM/data_0.parquet to gs://calcofi-db/ducklake/releases/v2026.08.03/parquet/obs_ctd_full/cruise_key=2008-10-32NM/data_0.parquet
Copying file:///Users/bbest/Github/CalCOFI/workflows/data/releases/v2026.08.03/parquet/obs_ctd_full/cruise_key=2009-01-32NM/data_0.parquet to gs://calcofi-db/ducklake/releases/v2026.08.03/parquet/obs_ctd_full/cruise_key=2009-01-32NM/data_0.parquet
Copying file:///Users/bbest/Github/CalCOFI/workflows/data/releases/v2026.08.03/parquet/obs_ctd_full/cruise_key=2009-03-31JD/data_0.parquet to gs://calcofi-db/ducklake/releases/v2026.08.03/parquet/obs_ctd_full/cruise_key=2009-03-31JD/data_0.parquet
Copying file:///Users/bbest/Github/CalCOFI/workflows/data/releases/v2026.08.03/parquet/obs_ctd_full/cruise_key=2009-07-33MH/data_0.parquet to gs://calcofi-db/ducklake/releases/v2026.08.03/parquet/obs_ctd_full/cruise_key=2009-07-33MH/data_0.parquet
Copying file:///Users/bbest/Github/CalCOFI/workflows/data/releases/v2026.08.03/parquet/obs_ctd_full/cruise_key=2009-11-32NM/data_0.parquet to gs://calcofi-db/ducklake/releases/v2026.08.03/parquet/obs_ctd_full/cruise_key=2009-11-32NM/data_0.parquet
Copying file:///Users/bbest/Github/CalCOFI/workflows/data/releases/v2026.08.03/parquet/obs_ctd_full/cruise_key=2010-01-32NM/data_0.parquet to gs://calcofi-db/ducklake/releases/v2026.08.03/parquet/obs_ctd_full/cruise_key=2010-01-32NM/data_0.parquet
Copying file:///Users/bbest/Github/CalCOFI/workflows/data/releases/v2026.08.03/parquet/obs_ctd_full/cruise_key=2010-04-31FN/data_0.parquet to gs://calcofi-db/ducklake/releases/v2026.08.03/parquet/o
[39m[31m
Quitting from release_database.qmd:1150-1506 [upload_frozen]
Execution halted
[39m[33mWARN: Error encountered when rendering files[39m
✖ release_database errored
✖ errored pipeline [1h 35m 11.1s, 0 completed, 20 skipped]
Error:
! Error in tar_make():
  ! Error running quarto CLI from R.
Caused by error in `quarto::quarto_render()`:
✖ Error returned by quarto CLI.
  -----------------------------
  
  
  processing file: release_database.qmd
  1/35
  2/35 [gen_fig_workflow]
  3/35
  4/35 [setup]
  5/35
  6/35 [assemble_working]
  7/35
  8/35 [dataset_ref]
  9/35
  10/35 [core_tables]
  11/35
  12/35 [core_by_dataset]
  13/35
  14/35 [core_parity]
  15/35
  16/35 [scan_mismatches]
  17/35
  18/35 [validate]
  19/35
  20/35 [unnamed-chunk-1]
  21/35
  22/35 [combined_schema]
  23/35
  24/35 [normalize_crs]
  25/35
  26/35 [freeze_release]
  27/35
  28/35 [release_notes]
  29/35
  30/35 [upload_frozen]
  [31mCopying[39m
  [31mfile:///Users/bbest/Github/CalCOFI/workflows/data/releases/v2026.08.03/parquet/cruise.parquet[39m
  [31mto gs://calcofi-db/ducklake/releases/v2026.08.03/parquet/cruise.parquet[39m
  
  [31m.......[39m
  [31mCopying[39m
  [31mfile:///Users/bbest/Github/CalCOFI/workflows/data/releases/v2026.08.03/parquet/dataset_taxon.parquet[39m
  [31mto[39m
  [31mgs://calcofi-db/ducklake/releases/v2026.08.03/parquet/dataset_taxon.parquet[39m
  
  [31m........[39m
  [31mCopying[39m
  [31mfile:///Users/bbest/Github/CalCOFI/workflows/data/releases/v2026.08.03/parquet/grid.parquet[39m
  [31mto gs://calcofi-db/ducklake/releases/v2026.08.03/parquet/grid.parquet[39m
  
  [31m.............[39m
  [31mCopying[39m
  [31mfile:///Users/bbest/Github/CalCOFI/workflows/data/releases/v2026.08.03/parquet/measurement_type.parquet[39m
  [31mto[39m
  [31mgs://calcofi-db/ducklake/releases/v2026.08.03/parquet/measurement_type.parquet[39m
  
  [31m.................[39m
  [31mCopying[39m
  [31mfile:///Users/bbest/Github/CalCOFI/workflows/data/releases/v2026.08.03/parquet/obs_attribute.parquet[39m
  [31mto[39m
  [31mgs://calcofi-db/ducklake/releases/v2026.08.03/parquet/obs_attribute.parquet[39m
  
  [31m..............................................................[39m
  [31mCopying[39m
  [31mfile:///Users/bbest/Github/CalCOFI/workflows/d
  See https://books.ropensci.org/targets/debugging.html
Execution halted
