
Attaching package: ‘calcofi4db’

The following object is masked from ‘package:stats’:

    dt

Excluded 2 target(s): publish_ichthyo_to_obis, publish_to_netcdf
Parsed 22 pipeline workflows:
  bench_erddap_ctd (reference) -> _output/bench_erddap_ctd.html
  ctd_cast_qa_qc_protocol (reference) -> _output/ctd-cast_qa-qc-protocol.html
  ingest_calcofi_bottle (ingest) -> data/parquet/calcofi_bottle/manifest.json [deps: ingest_swfsc_ichthyo]
  ingest_calcofi_ctd_cast (ingest) -> data/parquet/calcofi_ctd-cast/manifest.json [deps: ingest_swfsc_ichthyo]
  ingest_calcofi_dic (ingest) -> data/parquet/calcofi_dic/manifest.json [deps: ingest_calcofi_bottle]
  ingest_calcofi_mets (ingest) -> data/parquet/calcofi_mets/manifest.json [deps: ingest_swfsc_ichthyo]
  ingest_calcofi_phyllosoma (ingest) -> data/parquet/calcofi_phyllosoma/manifest.json [deps: ingest_swfsc_ichthyo]
  ingest_calcofi_phytoplankton (ingest) -> data/parquet/calcofi_phytoplankton/manifest.json [deps: ingest_swfsc_ichthyo]
  ingest_cce_lter_euphausiids (ingest) -> data/parquet/cce-lter_euphausiids/manifest.json [deps: ingest_swfsc_ichthyo]
  ingest_cce_lter_picoplankton_bacteria (ingest) -> data/parquet/cce-lter_picoplankton-bacteria/manifest.json [deps: ingest_swfsc_ichthyo]
  ingest_cce_lter_zoodb (ingest) -> data/parquet/cce-lter_zoodb/manifest.json [deps: ingest_swfsc_ichthyo]
  ingest_cce_lter_zooscan (ingest) -> data/parquet/cce-lter_zooscan/manifest.json [deps: ingest_swfsc_ichthyo]
  ingest_cdfw_dungeness_crab (ingest) -> data/parquet/cdfw_dungeness-crab/manifest.json [deps: ingest_swfsc_ichthyo]
  ingest_farallon_bird_mammal (ingest) -> data/parquet/farallon_bird-mammal/manifest.json [deps: ingest_swfsc_ichthyo]
  ingest_sio_mesopelagic_fish (ingest) -> data/parquet/sio_mesopelagic-fish/manifest.json [deps: ingest_swfsc_ichthyo]
  ingest_sio_pic_zooplankton (ingest) -> data/parquet/sio_pic-zooplankton/manifest.json [deps: ingest_swfsc_ichthyo]
  ingest_spatial (spatial) -> data/parquet/spatial/manifest.json
  ingest_swfsc_cufes (ingest) -> data/parquet/swfsc_cufes/manifest.json [deps: ingest_swfsc_ichthyo]
  ingest_swfsc_ichthyo (ingest) -> data/parquet/swfsc_ichthyo/manifest.json
  publish_to_erddap (publish) -> data/erddap/datasets_calcofi.xml [deps: release_database]
  release_database (release) -> data/releases [deps: auto]
  test_release (test) -> _output/test_release.html [deps: release_database]
+ release_database dispatched
[31m

processing file: release_database.qmd
[39m1/35                   
2/35 [gen_fig_workflow]
3/35                   
4/35 [setup]           
5/35                   
6/35 [assemble_working]
7/35                   
8/35 [dataset_ref]     
9/35                   
10/35 [core_tables]     
11/35                   
12/35 [core_by_dataset] 
13/35                   
14/35 [core_parity]     
15/35                   
16/35 [scan_mismatches] 
17/35                   
18/35 [validate]        
19/35                   
20/35 [unnamed-chunk-1] 
21/35                   
22/35 [combined_schema] 
23/35                   
24/35 [normalize_crs]   
[31mError in `duckdb_result()`:
! Invalid Error: Catalog Error: Existing object grid is of type View, trying to replace with type Table
ℹ Context: rapi_execute
ℹ Error type: INVALID
Backtrace:
     ▆
  1. ├─DBI::dbExecute(con_wdl, glue("CREATE OR REPLACE TABLE {tb} AS\n     SELECT * REPLACE (ST_SetCRS({cl}, 'EPSG:4326') AS {cl}) FROM {tb}"))
  2. ├─DBI::dbExecute(con_wdl, glue("CREATE OR REPLACE TABLE {tb} AS\n     SELECT * REPLACE (ST_SetCRS({cl}, 'EPSG:4326') AS {cl}) FROM {tb}"))
  3. │ ├─DBI::dbSendStatement(conn, statement, ...)
  4. │ └─DBI::dbSendStatement(conn, statement, ...)
  5. │   ├─DBI::dbSendQuery(conn, statement, ...)
  6. │   └─duckdb::dbSendQuery(conn, statement, ...)
  7. │     └─duckdb (local) .local(conn, statement, ...)
  8. │       └─duckdb:::duckdb_result(connection = conn, stmt_lst = stmt_lst, arrow = arrow)
  9. │         └─duckdb:::duckdb_execute(res)
 10. │           └─duckdb:::rethrow_rapi_execute(...)
 11. │             ├─rlang::try_fetch(...)
 12. │             │ ├─base::tryCatch(...)
 13. │             │ │ └─base (local) tryCatchList(expr, classes, parentenv, handlers)
 14. │             │ │   └─base (local) tryCatchOne(expr, names, parentenv, handlers[[1L]])
 15. │             │ │     └─base (local) doTryCatch(return(expr), name, parentenv, handler)
 16. │             │ └─base::withCallingHandlers(...)
 17. │             └─duckdb:::rapi_execute(stmt, convert_opts)
 18. ├─duckdb (local) `<fn>`(...)
 19. │ └─rlang::abort(error_parts, class = "duckdb_error", !!!fields)
 20. │   └─rlang:::signal_abort(cnd, .file)
 21. │     └─base::signalCondition(cnd)
 22. └─rlang (local) `<fn>`(`<dckdb_rr>`)
 23.   └─handlers[[1L]](cnd)
 24.     └─duckdb:::rethrow_error_from_rapi(e, call)
 25.       └─rlang::abort(msg, call = call)
[39m[31m
Quitting from release_database.qmd:847-912 [normalize_crs]
Execution halted
[39m[33mWARN: Error encountered when rendering files[39m
✖ release_database errored
✖ errored pipeline [14m 49.1s, 0 completed, 20 skipped]
Error:
! Error in tar_make():
  ! Error running quarto CLI from R.
Caused by error:
! Could not evaluate cli `{}` expression: `tb`.
Caused by error:
! object 'tb' not found
  See https://books.ropensci.org/targets/debugging.html
Execution halted
