
Attaching package: ‘calcofi4db’

The following object is masked from ‘package:stats’:

    dt

Excluded 1 target(s): publish_ichthyo_to_obis
Parsed 24 pipeline workflows:
  bench_erddap_ctd (reference) -> _output/bench_erddap_ctd.html
  ctd_cast_qa_qc_protocol (reference) -> _output/ctd-cast_qa-qc-protocol.html
  deploy_consumers (deploy) -> _output/deploy_consumers.html [deps: test_release]
  ingest_calcofi_bottle (ingest) -> data/parquet/calcofi_bottle/manifest.json [deps: ingest_swfsc_ichthyo]
  ingest_calcofi_ctd_cast (ingest) -> data/parquet/calcofi_ctd-cast/manifest.json [deps: ingest_swfsc_ichthyo]
  ingest_calcofi_dic (ingest) -> data/parquet/calcofi_dic/manifest.json [deps: ingest_calcofi_bottle]
  ingest_calcofi_mets (ingest) -> data/parquet/calcofi_mets/manifest.json [deps: ingest_swfsc_ichthyo]
  ingest_calcofi_phyllosoma (ingest) -> data/parquet/calcofi_phyllosoma/manifest.json [deps: ingest_swfsc_ichthyo]
  ingest_calcofi_phytoplankton (ingest) -> data/parquet/calcofi_phytoplankton/manifest.json [deps: ingest_swfsc_ichthyo]
  ingest_cce_lter_euphausiids (ingest) -> data/parquet/cce-lter_euphausiids/manifest.json [deps: ingest_swfsc_ichthyo]
  ingest_cce_lter_picoplankton_bacteria (ingest) -> data/parquet/cce-lter_picoplankton-bacteria/manifest.json [deps: ingest_swfsc_ichthyo]
  ingest_cce_lter_zoodb (ingest) -> data/parquet/cce-lter_zoodb/manifest.json [deps: ingest_swfsc_ichthyo]
  ingest_cce_lter_zooscan (ingest) -> data/parquet/cce-lter_zooscan/manifest.json [deps: ingest_swfsc_ichthyo]
  ingest_cdfw_dungeness_crab (ingest) -> data/parquet/cdfw_dungeness-crab/manifest.json [deps: ingest_swfsc_ichthyo]
  ingest_farallon_bird_mammal (ingest) -> data/parquet/farallon_bird-mammal/manifest.json [deps: ingest_swfsc_ichthyo]
  ingest_sio_mesopelagic_fish (ingest) -> data/parquet/sio_mesopelagic-fish/manifest.json [deps: ingest_swfsc_ichthyo]
  ingest_sio_pic_zooplankton (ingest) -> data/parquet/sio_pic-zooplankton/manifest.json [deps: ingest_swfsc_ichthyo]
  ingest_spatial (spatial) -> data/parquet/spatial/manifest.json
  ingest_swfsc_cufes (ingest) -> data/parquet/swfsc_cufes/manifest.json [deps: ingest_swfsc_ichthyo]
  ingest_swfsc_ichthyo (ingest) -> data/parquet/swfsc_ichthyo/manifest.json
  publish_to_erddap (publish) -> data/erddap/datasets_calcofi.xml [deps: release_database]
  publish_to_netcdf (publish) -> data/netcdf/publish_plan.csv [deps: release_database]
  release_database (release) -> data/releases [deps: auto]
  test_release (test) -> _output/test_release.html [deps: release_database]
+ ingest_sio_pic_zooplankton dispatched
[31m

processing file: ingest_sio_pic-zooplankton.qmd
[39m1/33                        
2/33 [unnamed-chunk-1]      
3/33                        
4/33 [setup]                
5/33                        
6/33 [read-source]          
7/33                        
8/33 [clean-filter]         
9/33                        
10/33 [resolve-keys]         
11/33                        
12/33 [spatial]              
13/33                        
14/33 [load-dataset-metadata]
15/33                        
16/33 [schema]               
17/33                        
18/33 [validate]             
19/33                        
20/33 [preview]              
21/33                        
22/33 [emit_core]            
23/33                        
24/33 [write-parquet]        
25/33                        
26/33 [write-metadata]       
27/33                        
28/33 [upload-gcs]           
29/33                        
30/33 [provider-questions]   
31/33                        
32/33 [cleanup]              
33/33                        
[31moutput file: ingest_sio_pic-zooplankton.knit.md

[39m[1mpandoc [22m
  to: html
  output-file: ingest_sio_pic-zooplankton.html
  standalone: true
  embed-resources: false
  section-divs: true
  html-math-method: mathjax
  wrap: none
  default-image-extension: png
  toc: true
  toc-depth: 4
  number-sections: true
  variables: {}
  
[1mmetadata[22m
  document-css: false
  link-citations: true
  lang: en
  date: now
  date-format: iso
  editor:
    mode: source
    markdown:
      wrap: 72
    canonical: true
  editor_options:
    chunk_output_type: console
  search: false
  toc-expand: 1
  lightbox: true
  title: Ingest SIO PIC Zooplankton Net Tows
  calcofi:
    target_name: ingest_sio_pic_zooplankton
    workflow_type: ingest
    dependency:
      - ingest_swfsc_ichthyo
    output: data/parquet/sio_pic-zooplankton/manifest.json
    provider: sio
    dataset: pic-zooplankton
    workflow_url: https://calcofi.io/workflows/ingest_sio_pic-zooplankton.html
    questions_file: metadata/sio/pic-zooplankton/questions.csv
    dataset_meta:
      dataset_name: SIO PIC Zooplankton Net Tows
      description: |
        Zooplankton net-tow sample registry from the SIO Pelagic Invertebrate Collection, scoped to CalCOFI-program expeditions. Position, time, depth, and gear metadata per tow. Includes the historical grid (1950s-80s inshore, Gulf of California and Baja lines), not just the modern pattern. Biovolume measurements are not in the source file and are pending from the provider (see Questions for Data Providers).
      citation_main: ''
      link_calcofi_org: ''
      link_data_source: SIO Pelagic Invertebrate Collection DB (CSV export)
      link_others: []
      coverage_temporal: 1939 to 2024 (CalCOFI-program tows)
      coverage_spatial: CalCOFI grid, historical extent (19.9-51.1N, -164.1 to -107.1W)
      license: ''
      pi_names: Rasmus Swalethorp; Ed Weber; Linsey Sala
    tables_owned:
      - table: sample
        shared: true
        note: core event dimension (tow grain; effort/position only)
    erd:
      color: '#bbe0f0'
  
Output created: _output/ingest_sio_pic-zooplankton.html

✔ ingest_sio_pic_zooplankton completed [25.5s, 1.47 kB]
+ ingest_calcofi_bottle dispatched
[31m

processing file: ingest_calcofi_bottle.qmd
[39m1/97                            
2/97 [setup]                    
3/97                            
4/97 [load_db]                  
5/97                            
6/97 [read_csv_files]           
7/97                            
8/97 [data_integrity_check]     
9/97                            
10/97 [data_integrity_message]   
11/97                            
12/97 [source-files]             
13/97                            
14/97 [tbls_in]                  
15/97                            
16/97 [flds_in]                  
17/97                            
18/97 [tbls_rd]                  
19/97                            
20/97 [flds_rd]                  
21/97                            
22/97 [load_tbls_to_db]          
23/97                            
24/97 [apply_ship_corrections]   
25/97                            
26/97 [consolidate_casts]        
27/97                            
28/97 [pivot_bottle_meas_diagram]
29/97                            
30/97 [pivot_bottle_measurements]
31/97                            
32/97 [pivot_cast_cond_diagram]  
33/97                            
34/97 [pivot_cast_conditions]    
35/97                            
36/97 [load_measurement_type]    
37/97                            
38/97 [load-dataset-metadata]    
39/97                            
40/97 [provider-questions]       
41/97                            
42/97 [verify_primary_keys]      
43/97                            
44/97 [erd_tbls]                 
45/97                            
46/97 [erd_fk]                   
47/97                            
48/97 [mk_cast_pts]              
49/97                            
50/97 [load_grid]                
51/97                            
52/97 [update_cast_from_grid]    
53/97                            
54/97 [create_casts_derived]     
55/97                            
56/97 [map_casts]                
57/97                            
58/97 [show_latest]              
59/97                            
60/97 [summary_stats]            
61/97                            
62/97 [validate]                 
63/97                            
64/97 [enforce_types]            
65/97                            
66/97 [preview_tables]           
67/97                            
68/97 [preview_casts_derived]    
69/97                            
70/97 [load_reference_tables]    
71/97                            
72/97 [derive_cruise_key]        
73/97                            
74/97 [ship_match_stats]         
75/97                            
76/97 [cruise_bridge_stats]      
77/97                            
78/97 [unmatched_ships]          
79/97                            
80/97 [cross_validate]           
81/97                            
82/97 [emit_core]                
83/97                            
84/97 [write_parquet]            
85/97                            
86/97 [write_metadata]           
87/97                            
88/97 [show_metadata_json]       
89/97                            
90/97 [show_relationships_json]  
91/97                            
92/97 [upload_gcs]               
93/97                            
94/97 [cleanup]                  
95/97                            
96/97 [session_info]             
97/97                            
[31moutput file: ingest_calcofi_bottle.knit.md

[39m[1mpandoc [22m
  to: html
  output-file: ingest_calcofi_bottle.html
  standalone: true
  embed-resources: false
  section-divs: true
  html-math-method: mathjax
  wrap: none
  default-image-extension: png
  toc: true
  toc-depth: 4
  number-sections: true
  variables: {}
  
[1mmetadata[22m
  document-css: false
  link-citations: true
  lang: en
  date: now
  date-format: iso
  editor:
    mode: source
    markdown:
      wrap: 72
    canonical: true
  editor_options:
    chunk_output_type: console
  search: false
  toc-expand: 1
  lightbox: true
  title: Ingest Bottle Database
  calcofi:
    target_name: ingest_calcofi_bottle
    workflow_type: ingest
    dependency:
      - ingest_swfsc_ichthyo
    output: data/parquet/calcofi_bottle/manifest.json
    modifies:
      - ship
    provider: calcofi
    dataset: bottle
    workflow_url: https://calcofi.io/workflows/ingest_calcofi_bottle.html
    questions_file: metadata/calcofi/bottle/questions.csv
    dataset_meta:
      dataset_name: CalCOFI Bottle Database
      description: |
        Hydrographic bottle data including temperature, salinity, oxygen, nutrients, pigments, and C14 from CalCOFI cruises.
      citation_main: CalCOFI. (2023). CalCOFI Bottle Database 194903-202105. CalCOFI.org.
      link_calcofi_org: https://calcofi.org/data/oceanographic-data/bottle-database/
      link_data_source: https://calcofi.org/downloads/database/CalCOFI_Database_194903-202105_csv_16October2023.zip
      coverage_temporal: 1949-03 to 2021-05
      coverage_spatial: 23-51°N, -170 to -117°W
    tables_owned:
      - table: sample
        shared: true
        note: core event dimension (cast -> bottle adjacency list)
      - table: obs
        shared: true
        note: core observations (env, bottle hydrography)
      - table: sample_measurement
        shared: true
        note: cast conditions + bottom depth
      - table: measurement_type
        shared: true
        note: shared registry across bottle/ctd/dic
    erd:
      color: '#f5cad9'
  
Output created: _output/ingest_calcofi_bottle.html

✔ ingest_calcofi_bottle completed [1m 2.8s, 3.17 kB]
+ ingest_calcofi_ctd_cast dispatched
[31m

processing file: ingest_calcofi_ctd-cast.qmd
[39m1/177                            
2/177 [setup]                    
3/177                            
4/177 [d_zips]                   
[31mR chunk d_zips: 4.2s ~ 21:49:53
[39m5/177                            
6/177 [check_resume]             
[31mR chunk check_resume: 0.7s ~ 21:49:54
[39m7/177                            
8/177 [prime_zips_from_gcs]      
[31mR chunk prime_zips_from_gcs: 2.7s ~ 21:49:57
[39m9/177                            
10/177 [download_and_unzip]       
[31mR chunk download_and_unzip: 0.2s ~ 21:49:57
[39m11/177                            
12/177 [d_csv]                    
[31mR chunk d_csv: 3.2s ~ 21:50:00
[39m13/177                            
14/177 [read_csv]                 
[31mR chunk read_csv: 196.6s ~ 21:53:17
[39m15/177                            
16/177 [d_bind]                   
[31mR chunk d_bind: 94.7s ~ 21:54:52
[39m17/177                            
18/177 [format_datetime]          
[31mR chunk format_datetime: 164.2s ~ 21:57:36
[39m19/177                            
20/177 [fill_lonlat]              
[31mR chunk fill_lonlat: 164.2s ~ 22:00:20
[39m21/177                            
22/177 [pts_distance_from_lnst]   
